

================================================================
== Vitis HLS Report for 'getShadows'
================================================================
* Date:           Thu Jul 11 15:47:05 2024

* Version:        2020.2 (Build 3064766 on Wed Nov 18 09:12:45 MST 2020)
* Project:        PatchMaker_tanishGit
* Solution:       solution1 (Vivado IP Flow Target)
* Product family: virtexuplus
* Target device:  xcvu19p-fsvb3824-2-e


================================================================
== Performance Estimates
================================================================
+ Timing: 
    * Summary: 
    +--------+----------+----------+------------+
    |  Clock |  Target  | Estimated| Uncertainty|
    +--------+----------+----------+------------+
    |ap_clk  |  10.00 ns|  7.300 ns|     2.70 ns|
    +--------+----------+----------+------------+

+ Latency: 
    * Summary: 
    +---------+---------+----------+----------+-----+-----+---------+
    |  Latency (cycles) |  Latency (absolute) |  Interval | Pipeline|
    |   min   |   max   |    min   |    max   | min | max |   Type  |
    +---------+---------+----------+----------+-----+-----+---------+
    |        ?|        ?|         ?|         ?|    ?|    ?|     none|
    +---------+---------+----------+----------+-----+-----+---------+

    + Detail: 
        * Instance: 
        +------------------------------------------------+-------------------------------------+---------+---------+----------+----------+-----+-----+---------+
        |                                                |                                     |  Latency (cycles) |  Latency (absolute) |  Interval | Pipeline|
        |                    Instance                    |                Module               |   min   |   max   |    min   |    max   | min | max |   Type  |
        +------------------------------------------------+-------------------------------------+---------+---------+----------+----------+-----+-----+---------+
        |grp_straightLineProjectorFromLayerIJtoK_fu_298  |straightLineProjectorFromLayerIJtoK  |       11|       11|  0.110 us|  0.110 us|    1|    1|      yes|
        |grp_straightLineProjectorFromLayerIJtoK_fu_312  |straightLineProjectorFromLayerIJtoK  |       11|       11|  0.110 us|  0.110 us|    1|    1|      yes|
        |grp_straightLineProjectorFromLayerIJtoK_fu_326  |straightLineProjectorFromLayerIJtoK  |       11|       11|  0.110 us|  0.110 us|    1|    1|      yes|
        |grp_straightLineProjectorFromLayerIJtoK_fu_340  |straightLineProjectorFromLayerIJtoK  |       11|       11|  0.110 us|  0.110 us|    1|    1|      yes|
        +------------------------------------------------+-------------------------------------+---------+---------+----------+----------+-----+-----+---------+

        * Loop: 
        +---------------------+---------+---------+----------+-----------+-----------+------+----------+
        |                     |  Latency (cycles) | Iteration|  Initiation Interval  | Trip |          |
        |      Loop Name      |   min   |   max   |  Latency |  achieved |   target  | Count| Pipelined|
        +---------------------+---------+---------+----------+-----------+-----------+------+----------+
        |- getShadows_loop    |        ?|        ?|        13|          1|          1|     ?|       yes|
        |- GSmaxFinding_loop  |        ?|        ?|         2|          2|          1|     ?|       yes|
        +---------------------+---------+---------+----------+-----------+-----------+------+----------+



================================================================
== Utilization Estimates
================================================================
* Summary: 
+---------------------+---------+------+---------+---------+-----+
|         Name        | BRAM_18K|  DSP |    FF   |   LUT   | URAM|
+---------------------+---------+------+---------+---------+-----+
|DSP                  |        -|     -|        -|        -|    -|
|Expression           |        -|     -|        0|      765|    -|
|FIFO                 |        -|     -|        -|        -|    -|
|Instance             |        0|    24|     3132|    10244|    -|
|Memory               |        -|     -|        -|        -|    -|
|Multiplexer          |        -|     -|        -|      201|    -|
|Register             |        -|     -|     1978|       64|    -|
+---------------------+---------+------+---------+---------+-----+
|Total                |        0|    24|     5110|    11274|    0|
+---------------------+---------+------+---------+---------+-----+
|Available SLR        |     1080|   960|  2042880|  1021440|   80|
+---------------------+---------+------+---------+---------+-----+
|Utilization SLR (%)  |        0|     2|       ~0|        1|    0|
+---------------------+---------+------+---------+---------+-----+
|Available            |     4320|  3840|  8171520|  4085760|  320|
+---------------------+---------+------+---------+---------+-----+
|Utilization (%)      |        0|    ~0|       ~0|       ~0|    0|
+---------------------+---------+------+---------+---------+-----+

+ Detail: 
    * Instance: 
    +------------------------------------------------+-------------------------------------+---------+----+-----+------+-----+
    |                    Instance                    |                Module               | BRAM_18K| DSP|  FF |  LUT | URAM|
    +------------------------------------------------+-------------------------------------+---------+----+-----+------+-----+
    |mux_42_64_1_1_U513                              |mux_42_64_1_1                        |        0|   0|    0|    20|    0|
    |mux_42_64_1_1_U514                              |mux_42_64_1_1                        |        0|   0|    0|    20|    0|
    |mux_42_64_1_1_U515                              |mux_42_64_1_1                        |        0|   0|    0|    20|    0|
    |grp_straightLineProjectorFromLayerIJtoK_fu_298  |straightLineProjectorFromLayerIJtoK  |        0|   6|  783|  2546|    0|
    |grp_straightLineProjectorFromLayerIJtoK_fu_312  |straightLineProjectorFromLayerIJtoK  |        0|   6|  783|  2546|    0|
    |grp_straightLineProjectorFromLayerIJtoK_fu_326  |straightLineProjectorFromLayerIJtoK  |        0|   6|  783|  2546|    0|
    |grp_straightLineProjectorFromLayerIJtoK_fu_340  |straightLineProjectorFromLayerIJtoK  |        0|   6|  783|  2546|    0|
    +------------------------------------------------+-------------------------------------+---------+----+-----+------+-----+
    |Total                                           |                                     |        0|  24| 3132| 10244|    0|
    +------------------------------------------------+-------------------------------------+---------+----+-----+------+-----+

    * DSP: 
    N/A

    * Memory: 
    N/A

    * FIFO: 
    N/A

    * Expression: 
    +------------------------+----------+----+---+----+------------+------------+
    |      Variable Name     | Operation| DSP| FF| LUT| Bitwidth P0| Bitwidth P1|
    +------------------------+----------+----+---+----+------------+------------+
    |add_ln171_fu_573_p2     |         +|   0|  0|  39|          32|           2|
    |add_ln173_fu_579_p2     |         +|   0|  0|  39|          32|           1|
    |add_ln174_1_fu_620_p2   |         +|   0|  0|  17|          10|           7|
    |add_ln174_fu_614_p2     |         +|   0|  0|  17|          10|          10|
    |add_ln175_fu_631_p2     |         +|   0|  0|  17|          10|           7|
    |add_ln190_fu_927_p2     |         +|   0|  0|  39|          32|           1|
    |empty_107_fu_386_p2     |         -|   0|  0|  17|          10|          10|
    |sub_ln183_fu_425_p2     |         -|   0|  0|  17|          10|          10|
    |sub_ln184_fu_460_p2     |         -|   0|  0|  17|          10|          10|
    |sub_ln185_fu_495_p2     |         -|   0|  0|  17|          10|          10|
    |sub_ln186_fu_530_p2     |         -|   0|  0|  17|          10|          10|
    |icmp_ln162_fu_541_p2    |      icmp|   0|  0|  29|          64|          27|
    |icmp_ln163_fu_555_p2    |      icmp|   0|  0|  29|          64|          26|
    |icmp_ln171_fu_585_p2    |      icmp|   0|  0|  20|          32|          32|
    |icmp_ln190_fu_754_p2    |      icmp|   0|  0|  20|          32|          32|
    |icmp_ln192_1_fu_775_p2  |      icmp|   0|  0|   8|           2|           3|
    |icmp_ln192_2_fu_789_p2  |      icmp|   0|  0|   8|           2|           1|
    |icmp_ln192_fu_804_p2    |      icmp|   0|  0|  29|          64|          64|
    |icmp_ln196_fu_842_p2    |      icmp|   0|  0|  29|          64|          64|
    |icmp_ln200_fu_879_p2    |      icmp|   0|  0|  29|          64|          64|
    |icmp_ln204_fu_916_p2    |      icmp|   0|  0|  29|          64|          64|
    |empty_fu_362_p2         |        or|   0|  0|   7|           7|           1|
    |or_ln184_fu_436_p2      |        or|   0|  0|   7|           7|           1|
    |or_ln185_fu_471_p2      |        or|   0|  0|   7|           7|           2|
    |or_ln186_fu_506_p2      |        or|   0|  0|   7|           7|           2|
    |topL_jL_3_8_fu_795_p3   |    select|   0|  0|  63|           1|          64|
    |topL_jL_3_fu_781_p3     |    select|   0|  0|  63|           1|          64|
    |zTop_max_fu_561_p3      |    select|   0|  0|  63|           1|          64|
    |zTop_min_fu_547_p3      |    select|   0|  0|  63|           1|          27|
    |ap_enable_pp0           |       xor|   0|  0|   2|           1|           2|
    +------------------------+----------+----+---+----+------------+------------+
    |Total                   |          |   0|  0| 765|         661|         682|
    +------------------------+----------+----+---+----+------------+------------+

    * Multiplexer: 
    +-------------------------------+----+-----------+-----+-----------+
    |              Name             | LUT| Input Size| Bits| Total Bits|
    +-------------------------------+----+-----------+-----+-----------+
    |ap_NS_fsm                      |  49|          9|    1|          9|
    |ap_enable_reg_pp0_iter12       |   9|          2|    1|          2|
    |ap_phi_mux_i_phi_fu_279_p4     |   9|          2|   32|         64|
    |empty_109_fu_164               |   9|          2|   64|        128|
    |empty_110_fu_168               |   9|          2|   64|        128|
    |empty_111_fu_172               |   9|          2|   64|        128|
    |i_22_reg_286                   |   9|          2|   32|         64|
    |i_reg_275                      |   9|          2|   32|         64|
    |patches_parameters_1_address0  |  14|          3|   10|         30|
    |patches_parameters_1_address1  |  14|          3|   10|         30|
    |patches_parameters_1_d0        |  26|          5|   64|        320|
    |patches_parameters_1_d1        |  26|          5|   64|        320|
    |topL_jL_3_6_fu_160             |   9|          2|   64|        128|
    +-------------------------------+----+-----------+-----+-----------+
    |Total                          | 201|         41|  502|       1415|
    +-------------------------------+----+-----------+-----+-----------+

    * Register: 
    +-------------------------------------------------------------+----+----+-----+-----------+
    |                             Name                            | FF | LUT| Bits| Const Bits|
    +-------------------------------------------------------------+----+----+-----+-----------+
    |add_ln171_reg_1066                                           |  32|   0|   32|          0|
    |add_ln173_reg_1072                                           |  32|   0|   32|          0|
    |ap_CS_fsm                                                    |   8|   0|    8|          0|
    |ap_enable_reg_pp0_iter0                                      |   1|   0|    1|          0|
    |ap_enable_reg_pp0_iter1                                      |   1|   0|    1|          0|
    |ap_enable_reg_pp0_iter10                                     |   1|   0|    1|          0|
    |ap_enable_reg_pp0_iter11                                     |   1|   0|    1|          0|
    |ap_enable_reg_pp0_iter12                                     |   1|   0|    1|          0|
    |ap_enable_reg_pp0_iter2                                      |   1|   0|    1|          0|
    |ap_enable_reg_pp0_iter3                                      |   1|   0|    1|          0|
    |ap_enable_reg_pp0_iter4                                      |   1|   0|    1|          0|
    |ap_enable_reg_pp0_iter5                                      |   1|   0|    1|          0|
    |ap_enable_reg_pp0_iter6                                      |   1|   0|    1|          0|
    |ap_enable_reg_pp0_iter7                                      |   1|   0|    1|          0|
    |ap_enable_reg_pp0_iter8                                      |   1|   0|    1|          0|
    |ap_enable_reg_pp0_iter9                                      |   1|   0|    1|          0|
    |empty_109_fu_164                                             |  64|   0|   64|          0|
    |empty_110_fu_168                                             |  64|   0|   64|          0|
    |empty_111_fu_172                                             |  64|   0|   64|          0|
    |grp_straightLineProjectorFromLayerIJtoK_fu_298_ap_start_reg  |   1|   0|    1|          0|
    |grp_straightLineProjectorFromLayerIJtoK_fu_312_ap_start_reg  |   1|   0|    1|          0|
    |grp_straightLineProjectorFromLayerIJtoK_fu_326_ap_start_reg  |   1|   0|    1|          0|
    |grp_straightLineProjectorFromLayerIJtoK_fu_340_ap_start_reg  |   1|   0|    1|          0|
    |i_22_reg_286                                                 |  32|   0|   32|          0|
    |i_reg_275                                                    |  32|   0|   32|          0|
    |icmp_ln171_reg_1081                                          |   1|   0|    1|          0|
    |patches_parameters_1_addr_12_reg_1039                        |   7|   0|   10|          3|
    |patches_parameters_1_addr_13_reg_1044                        |   7|   0|   10|          3|
    |patches_parameters_1_addr_14_reg_1049                        |   7|   0|   10|          3|
    |patches_parameters_1_addr_reg_1034                           |   7|   0|   10|          3|
    |topL_jL_3_1_fu_96                                            |  64|   0|   64|          0|
    |topL_jL_3_1_load_reg_1099                                    |  64|   0|   64|          0|
    |topL_jL_3_2_fu_112                                           |  64|   0|   64|          0|
    |topL_jL_3_4_fu_116                                           |  64|   0|   64|          0|
    |topL_jL_3_5_fu_120                                           |  64|   0|   64|          0|
    |topL_jL_3_6_fu_160                                           |  64|   0|   64|          0|
    |topL_jR_3_1_fu_124                                           |  64|   0|   64|          0|
    |topL_jR_3_2_fu_128                                           |  64|   0|   64|          0|
    |topL_jR_3_3_fu_132                                           |  64|   0|   64|          0|
    |topL_jR_3_fu_100                                             |  64|   0|   64|          0|
    |topL_jR_3_load_reg_1105                                      |  64|   0|   64|          0|
    |topR_jL_3_1_fu_136                                           |  64|   0|   64|          0|
    |topR_jL_3_2_fu_140                                           |  64|   0|   64|          0|
    |topR_jL_3_3_fu_144                                           |  64|   0|   64|          0|
    |topR_jL_3_fu_104                                             |  64|   0|   64|          0|
    |topR_jL_3_load_reg_1111                                      |  64|   0|   64|          0|
    |topR_jR_3_1_fu_148                                           |  64|   0|   64|          0|
    |topR_jR_3_2_fu_152                                           |  64|   0|   64|          0|
    |topR_jR_3_3_fu_156                                           |  64|   0|   64|          0|
    |topR_jR_3_fu_108                                             |  64|   0|   64|          0|
    |topR_jR_3_load_reg_1117                                      |  64|   0|   64|          0|
    |trunc_ln177_reg_1095                                         |   2|   0|    2|          0|
    |trunc_ln192_reg_1154                                         |   2|   0|    2|          0|
    |zTop_max_reg_1060                                            |  64|   0|   64|          0|
    |zTop_min_reg_1054                                            |  64|   0|   64|          0|
    |icmp_ln171_reg_1081                                          |  64|  32|    1|          0|
    |trunc_ln177_reg_1095                                         |  64|  32|    2|          0|
    +-------------------------------------------------------------+----+----+-----+-----------+
    |Total                                                        |1978|  64| 1865|         12|
    +-------------------------------------------------------------+----+----+-----+-----------+



================================================================
== Interface
================================================================
* Summary: 
+---------------------------------+-----+-----+------------+------------------------+--------------+
|            RTL Ports            | Dir | Bits|  Protocol  |      Source Object     |    C Type    |
+---------------------------------+-----+-----+------------+------------------------+--------------+
|ap_clk                           |   in|    1|  ap_ctrl_hs|              getShadows|  return value|
|ap_rst                           |   in|    1|  ap_ctrl_hs|              getShadows|  return value|
|ap_start                         |   in|    1|  ap_ctrl_hs|              getShadows|  return value|
|ap_done                          |  out|    1|  ap_ctrl_hs|              getShadows|  return value|
|ap_idle                          |  out|    1|  ap_ctrl_hs|              getShadows|  return value|
|ap_ready                         |  out|    1|  ap_ctrl_hs|              getShadows|  return value|
|patches_superpoints_31_address0  |  out|   10|   ap_memory|  patches_superpoints_31|         array|
|patches_superpoints_31_ce0       |  out|    1|   ap_memory|  patches_superpoints_31|         array|
|patches_superpoints_31_q0        |   in|   64|   ap_memory|  patches_superpoints_31|         array|
|patches_superpoints_31_address1  |  out|   10|   ap_memory|  patches_superpoints_31|         array|
|patches_superpoints_31_ce1       |  out|    1|   ap_memory|  patches_superpoints_31|         array|
|patches_superpoints_31_q1        |   in|   64|   ap_memory|  patches_superpoints_31|         array|
|patches_parameters_1_address0    |  out|   10|   ap_memory|    patches_parameters_1|         array|
|patches_parameters_1_ce0         |  out|    1|   ap_memory|    patches_parameters_1|         array|
|patches_parameters_1_we0         |  out|    1|   ap_memory|    patches_parameters_1|         array|
|patches_parameters_1_d0          |  out|   64|   ap_memory|    patches_parameters_1|         array|
|patches_parameters_1_address1    |  out|   10|   ap_memory|    patches_parameters_1|         array|
|patches_parameters_1_ce1         |  out|    1|   ap_memory|    patches_parameters_1|         array|
|patches_parameters_1_we1         |  out|    1|   ap_memory|    patches_parameters_1|         array|
|patches_parameters_1_d1          |  out|   64|   ap_memory|    patches_parameters_1|         array|
|patches_parameters_4_address0    |  out|   10|   ap_memory|    patches_parameters_4|         array|
|patches_parameters_4_ce0         |  out|    1|   ap_memory|    patches_parameters_4|         array|
|patches_parameters_4_q0          |   in|   64|   ap_memory|    patches_parameters_4|         array|
|wp_parameters_1                  |   in|    5|     ap_none|         wp_parameters_1|        scalar|
|wp_parameters_4                  |   in|    5|     ap_none|         wp_parameters_4|        scalar|
|zTopMin                          |   in|   64|     ap_none|                 zTopMin|        scalar|
|zTopMax                          |   in|   64|     ap_none|                 zTopMax|        scalar|
+---------------------------------+-----+-----+------------+------------------------+--------------+

