

================================================================
== Vitis HLS Report for 'getShadows'
================================================================
* Date:           Wed Jul 31 13:58:10 2024

* Version:        2020.2 (Build 3064766 on Wed Nov 18 09:12:45 MST 2020)
* Project:        PatchMaker_tanishGit
* Solution:       solutionSC4 (Vivado IP Flow Target)
* Product family: virtexuplus
* Target device:  xcvu19p-fsvb3824-2-e


================================================================
== Performance Estimates
================================================================
+ Timing: 
    * Summary: 
    +--------+---------+----------+------------+
    |  Clock |  Target | Estimated| Uncertainty|
    +--------+---------+----------+------------+
    |ap_clk  |  3.00 ns|  2.190 ns|     0.81 ns|
    +--------+---------+----------+------------+

+ Latency: 
    * Summary: 
    +---------+---------+----------+----------+-----+-----+---------+
    |  Latency (cycles) |  Latency (absolute) |  Interval | Pipeline|
    |   min   |   max   |    min   |    max   | min | max |   Type  |
    +---------+---------+----------+----------+-----+-----+---------+
    |      154|      154|  0.462 us|  0.462 us|  154|  154|     none|
    +---------+---------+----------+----------+-----+-----+---------+

    + Detail: 
        * Instance: 
        N/A

        * Loop: 
        +-------------------------------+---------+---------+----------+-----------+-----------+------+----------+
        |                               |  Latency (cycles) | Iteration|  Initiation Interval  | Trip |          |
        |           Loop Name           |   min   |   max   |  Latency |  achieved |   target  | Count| Pipelined|
        +-------------------------------+---------+---------+----------+-----------+-----------+------+----------+
        |- getShadows_settingtopArrays  |      112|      112|        28|          -|          -|     4|        no|
        |- getShadows_maxFinding_loop   |       39|       39|        13|          -|          -|     3|        no|
        +-------------------------------+---------+---------+----------+-----------+-----------+------+----------+

============================================================
+ Verbose Summary: Synthesis Manager
============================================================
InlineROM: 1
ExposeGlobal: 0
============================================================
+ Verbose Summary: CDFG Model
============================================================
IsTopModel: 0
ResetActiveHigh: 1
IsCombinational: 0
IsDatapathOnly: 0
HasWiredReturn: 1
HasMFsm: 0
HasVarLatency: 1
IsPipeline: 0
IsRtlPipelined: 0
IsInstanceOverlapped: 0
IsDontTouch: 0
HasImplIP: 0
IsGatedGlobalClock: 0


============================================================
+ Verbose Summary: Schedule
============================================================
* Number of FSM states : 43
* Pipeline : 0
* Dataflow Pipeline: 0

* FSM state transitions: 
1 --> 2 
2 --> 3 30 
3 --> 4 
4 --> 5 
5 --> 6 
6 --> 7 
7 --> 8 
8 --> 9 
9 --> 10 
10 --> 11 
11 --> 12 
12 --> 13 
13 --> 14 
14 --> 15 
15 --> 16 
16 --> 17 
17 --> 18 
18 --> 19 
19 --> 20 
20 --> 21 
21 --> 22 
22 --> 23 
23 --> 24 
24 --> 25 
25 --> 26 
26 --> 27 
27 --> 28 
28 --> 29 
29 --> 2 
30 --> 31 
31 --> 32 
32 --> 33 
33 --> 34 
34 --> 35 
35 --> 36 
36 --> 37 
37 --> 38 
38 --> 39 
39 --> 40 
40 --> 41 
41 --> 42 
42 --> 43 
43 --> 31 

* FSM state operations: 

State 1 <SV = 0> <Delay = 1.49>
ST_1 : Operation 44 [1/1] (0.00ns)   --->   "%topL_jL_V_3_1 = alloca i32 1"   --->   Operation 44 'alloca' 'topL_jL_V_3_1' <Predicate = true> <Delay = 0.00>
ST_1 : Operation 45 [1/1] (0.00ns)   --->   "%topL_jL_V_3_2 = alloca i32 1"   --->   Operation 45 'alloca' 'topL_jL_V_3_2' <Predicate = true> <Delay = 0.00>
ST_1 : Operation 46 [1/1] (0.00ns)   --->   "%topL_jL_V_3_4 = alloca i32 1"   --->   Operation 46 'alloca' 'topL_jL_V_3_4' <Predicate = true> <Delay = 0.00>
ST_1 : Operation 47 [1/1] (0.00ns)   --->   "%topL_jL_V_3_5 = alloca i32 1"   --->   Operation 47 'alloca' 'topL_jL_V_3_5' <Predicate = true> <Delay = 0.00>
ST_1 : Operation 48 [1/1] (0.00ns)   --->   "%topL_jR_V_3 = alloca i32 1"   --->   Operation 48 'alloca' 'topL_jR_V_3' <Predicate = true> <Delay = 0.00>
ST_1 : Operation 49 [1/1] (0.00ns)   --->   "%topL_jR_V_3_1 = alloca i32 1"   --->   Operation 49 'alloca' 'topL_jR_V_3_1' <Predicate = true> <Delay = 0.00>
ST_1 : Operation 50 [1/1] (0.00ns)   --->   "%topL_jR_V_3_2 = alloca i32 1"   --->   Operation 50 'alloca' 'topL_jR_V_3_2' <Predicate = true> <Delay = 0.00>
ST_1 : Operation 51 [1/1] (0.00ns)   --->   "%topL_jR_V_3_3 = alloca i32 1"   --->   Operation 51 'alloca' 'topL_jR_V_3_3' <Predicate = true> <Delay = 0.00>
ST_1 : Operation 52 [1/1] (0.00ns)   --->   "%topR_jL_V_3 = alloca i32 1"   --->   Operation 52 'alloca' 'topR_jL_V_3' <Predicate = true> <Delay = 0.00>
ST_1 : Operation 53 [1/1] (0.00ns)   --->   "%topR_jL_V_3_1 = alloca i32 1"   --->   Operation 53 'alloca' 'topR_jL_V_3_1' <Predicate = true> <Delay = 0.00>
ST_1 : Operation 54 [1/1] (0.00ns)   --->   "%topR_jL_V_3_2 = alloca i32 1"   --->   Operation 54 'alloca' 'topR_jL_V_3_2' <Predicate = true> <Delay = 0.00>
ST_1 : Operation 55 [1/1] (0.00ns)   --->   "%topR_jL_V_3_3 = alloca i32 1"   --->   Operation 55 'alloca' 'topR_jL_V_3_3' <Predicate = true> <Delay = 0.00>
ST_1 : Operation 56 [1/1] (0.00ns)   --->   "%topR_jR_V_3 = alloca i32 1"   --->   Operation 56 'alloca' 'topR_jR_V_3' <Predicate = true> <Delay = 0.00>
ST_1 : Operation 57 [1/1] (0.00ns)   --->   "%topR_jR_V_3_1 = alloca i32 1"   --->   Operation 57 'alloca' 'topR_jR_V_3_1' <Predicate = true> <Delay = 0.00>
ST_1 : Operation 58 [1/1] (0.00ns)   --->   "%topR_jR_V_3_2 = alloca i32 1"   --->   Operation 58 'alloca' 'topR_jR_V_3_2' <Predicate = true> <Delay = 0.00>
ST_1 : Operation 59 [1/1] (0.00ns)   --->   "%topR_jR_V_3_3 = alloca i32 1"   --->   Operation 59 'alloca' 'topR_jR_V_3_3' <Predicate = true> <Delay = 0.00>
ST_1 : Operation 60 [1/1] (0.00ns)   --->   "%zTopMax_read = read i32 @_ssdm_op_Read.ap_auto.i32, i32 %zTopMax" [patchMaker.cpp:205]   --->   Operation 60 'read' 'zTopMax_read' <Predicate = true> <Delay = 0.00>
ST_1 : Operation 61 [1/1] (0.00ns)   --->   "%zTopMin_read = read i32 @_ssdm_op_Read.ap_auto.i32, i32 %zTopMin" [patchMaker.cpp:205]   --->   Operation 61 'read' 'zTopMin_read' <Predicate = true> <Delay = 0.00>
ST_1 : Operation 62 [1/1] (0.00ns)   --->   "%wp_parameters_offset_read = read i5 @_ssdm_op_Read.ap_auto.i5, i5 %wp_parameters_offset" [patchMaker.cpp:205]   --->   Operation 62 'read' 'wp_parameters_offset_read' <Predicate = true> <Delay = 0.00>
ST_1 : Operation 63 [1/1] (0.00ns)   --->   "%wp_superpoints_offset_read = read i5 @_ssdm_op_Read.ap_auto.i5, i5 %wp_superpoints_offset" [patchMaker.cpp:205]   --->   Operation 63 'read' 'wp_superpoints_offset_read' <Predicate = true> <Delay = 0.00>
ST_1 : Operation 64 [1/1] (0.00ns)   --->   "%tmp = bitconcatenate i12 @_ssdm_op_BitConcatenate.i12.i5.i7, i5 %wp_parameters_offset_read, i7 0" [patchMaker.cpp:205]   --->   Operation 64 'bitconcatenate' 'tmp' <Predicate = true> <Delay = 0.00>
ST_1 : Operation 65 [1/1] (0.00ns)   --->   "%tmp_s = bitconcatenate i8 @_ssdm_op_BitConcatenate.i8.i5.i3, i5 %wp_parameters_offset_read, i3 0" [patchMaker.cpp:205]   --->   Operation 65 'bitconcatenate' 'tmp_s' <Predicate = true> <Delay = 0.00>
ST_1 : Operation 66 [1/1] (0.00ns)   --->   "%zext_ln205 = zext i8 %tmp_s" [patchMaker.cpp:205]   --->   Operation 66 'zext' 'zext_ln205' <Predicate = true> <Delay = 0.00>
ST_1 : Operation 67 [1/1] (0.74ns)   --->   "%sub_ln205 = sub i12 %tmp, i12 %zext_ln205" [patchMaker.cpp:205]   --->   Operation 67 'sub' 'sub_ln205' <Predicate = true> <Delay = 0.74> <CoreInst = "Adder">   --->   Core 1 'Adder' <Latency = 0> <II = 1> <Delay = 0.57> <FuncUnit> <Opcode : 'add' 'sub'> <InPorts = 2> <OutPorts = 1>
ST_1 : Operation 68 [1/1] (0.74ns)   --->   "%add_ln205 = add i12 %sub_ln205, i12 24" [patchMaker.cpp:205]   --->   Operation 68 'add' 'add_ln205' <Predicate = true> <Delay = 0.74> <CoreInst = "Adder">   --->   Core 1 'Adder' <Latency = 0> <II = 1> <Delay = 0.57> <FuncUnit> <Opcode : 'add' 'sub'> <InPorts = 2> <OutPorts = 1>
ST_1 : Operation 69 [1/1] (0.00ns)   --->   "%zext_ln205_1 = zext i12 %add_ln205" [patchMaker.cpp:205]   --->   Operation 69 'zext' 'zext_ln205_1' <Predicate = true> <Delay = 0.00>
ST_1 : Operation 70 [1/1] (0.00ns)   --->   "%wp_parameters_addr = getelementptr i32 %wp_parameters, i64 0, i64 %zext_ln205_1" [patchMaker.cpp:205]   --->   Operation 70 'getelementptr' 'wp_parameters_addr' <Predicate = true> <Delay = 0.00>
ST_1 : Operation 71 [1/1] (0.74ns)   --->   "%add_ln206 = add i12 %sub_ln205, i12 30" [patchMaker.cpp:206]   --->   Operation 71 'add' 'add_ln206' <Predicate = true> <Delay = 0.74> <CoreInst = "Adder">   --->   Core 1 'Adder' <Latency = 0> <II = 1> <Delay = 0.57> <FuncUnit> <Opcode : 'add' 'sub'> <InPorts = 2> <OutPorts = 1>
ST_1 : Operation 72 [1/1] (0.00ns)   --->   "%zext_ln206 = zext i12 %add_ln206" [patchMaker.cpp:206]   --->   Operation 72 'zext' 'zext_ln206' <Predicate = true> <Delay = 0.00>
ST_1 : Operation 73 [1/1] (0.00ns)   --->   "%wp_parameters_addr_27 = getelementptr i32 %wp_parameters, i64 0, i64 %zext_ln206" [patchMaker.cpp:206]   --->   Operation 73 'getelementptr' 'wp_parameters_addr_27' <Predicate = true> <Delay = 0.00>
ST_1 : Operation 74 [1/1] (0.74ns)   --->   "%add_ln207 = add i12 %sub_ln205, i12 36" [patchMaker.cpp:207]   --->   Operation 74 'add' 'add_ln207' <Predicate = true> <Delay = 0.74> <CoreInst = "Adder">   --->   Core 1 'Adder' <Latency = 0> <II = 1> <Delay = 0.57> <FuncUnit> <Opcode : 'add' 'sub'> <InPorts = 2> <OutPorts = 1>
ST_1 : Operation 75 [1/1] (0.00ns)   --->   "%zext_ln207 = zext i12 %add_ln207" [patchMaker.cpp:207]   --->   Operation 75 'zext' 'zext_ln207' <Predicate = true> <Delay = 0.00>
ST_1 : Operation 76 [1/1] (0.00ns)   --->   "%wp_parameters_addr_28 = getelementptr i32 %wp_parameters, i64 0, i64 %zext_ln207" [patchMaker.cpp:207]   --->   Operation 76 'getelementptr' 'wp_parameters_addr_28' <Predicate = true> <Delay = 0.00>
ST_1 : Operation 77 [1/1] (0.74ns)   --->   "%add_ln208 = add i12 %sub_ln205, i12 42" [patchMaker.cpp:208]   --->   Operation 77 'add' 'add_ln208' <Predicate = true> <Delay = 0.74> <CoreInst = "Adder">   --->   Core 1 'Adder' <Latency = 0> <II = 1> <Delay = 0.57> <FuncUnit> <Opcode : 'add' 'sub'> <InPorts = 2> <OutPorts = 1>
ST_1 : Operation 78 [1/1] (0.00ns)   --->   "%zext_ln208 = zext i12 %add_ln208" [patchMaker.cpp:208]   --->   Operation 78 'zext' 'zext_ln208' <Predicate = true> <Delay = 0.00>
ST_1 : Operation 79 [1/1] (0.00ns)   --->   "%wp_parameters_addr_29 = getelementptr i32 %wp_parameters, i64 0, i64 %zext_ln208" [patchMaker.cpp:208]   --->   Operation 79 'getelementptr' 'wp_parameters_addr_29' <Predicate = true> <Delay = 0.00>
ST_1 : Operation 80 [1/1] (0.00ns)   --->   "%zext_ln196 = zext i5 %wp_superpoints_offset_read" [patchMaker.cpp:196]   --->   Operation 80 'zext' 'zext_ln196' <Predicate = true> <Delay = 0.00>
ST_1 : Operation 81 [1/1] (0.00ns)   --->   "%tmp_23 = bitconcatenate i7 @_ssdm_op_BitConcatenate.i7.i5.i2, i5 %wp_superpoints_offset_read, i2 0" [patchMaker.cpp:196]   --->   Operation 81 'bitconcatenate' 'tmp_23' <Predicate = true> <Delay = 0.00>
ST_1 : Operation 82 [1/1] (0.00ns)   --->   "%zext_ln196_1 = zext i7 %tmp_23" [patchMaker.cpp:196]   --->   Operation 82 'zext' 'zext_ln196_1' <Predicate = true> <Delay = 0.00>
ST_1 : Operation 83 [1/1] (0.70ns)   --->   "%add_ln196 = add i8 %zext_ln196_1, i8 %zext_ln196" [patchMaker.cpp:196]   --->   Operation 83 'add' 'add_ln196' <Predicate = true> <Delay = 0.70> <CoreInst = "Adder">   --->   Core 1 'Adder' <Latency = 0> <II = 1> <Delay = 0.57> <FuncUnit> <Opcode : 'add' 'sub'> <InPorts = 2> <OutPorts = 1>
ST_1 : Operation 84 [1/1] (0.85ns)   --->   "%icmp_ln878 = icmp_slt  i32 %zTopMin_read, i32 4244967196"   --->   Operation 84 'icmp' 'icmp_ln878' <Predicate = true> <Delay = 0.85> <CoreInst = "Cmp">   --->   Core 9 'Cmp' <Latency = 0> <II = 1> <Delay = 0.85> <FuncUnit> <Opcode : 'icmp'> <InPorts = 2> <OutPorts = 1>
ST_1 : Operation 85 [1/1] (0.22ns)   --->   "%select_ln185 = select i1 %icmp_ln878, i32 4244967196, i32 %zTopMin_read" [patchMaker.cpp:185]   --->   Operation 85 'select' 'select_ln185' <Predicate = true> <Delay = 0.22> <CoreInst = "Sel">   --->   Core 73 'Sel' <Latency = 0> <II = 1> <Delay = 0.22> <FuncUnit> <Opcode : 'select'> <InPorts = 3> <OutPorts = 1>
ST_1 : Operation 86 [1/1] (0.85ns)   --->   "%icmp_ln878_11 = icmp_slt  i32 %zTopMax_read, i32 50000100"   --->   Operation 86 'icmp' 'icmp_ln878_11' <Predicate = true> <Delay = 0.85> <CoreInst = "Cmp">   --->   Core 9 'Cmp' <Latency = 0> <II = 1> <Delay = 0.85> <FuncUnit> <Opcode : 'icmp'> <InPorts = 2> <OutPorts = 1>
ST_1 : Operation 87 [1/1] (0.22ns)   --->   "%select_ln186 = select i1 %icmp_ln878_11, i32 %zTopMax_read, i32 50000100" [patchMaker.cpp:186]   --->   Operation 87 'select' 'select_ln186' <Predicate = true> <Delay = 0.22> <CoreInst = "Sel">   --->   Core 73 'Sel' <Latency = 0> <II = 1> <Delay = 0.22> <FuncUnit> <Opcode : 'select'> <InPorts = 3> <OutPorts = 1>
ST_1 : Operation 88 [1/1] (0.38ns)   --->   "%br_ln194 = br void" [patchMaker.cpp:194]   --->   Operation 88 'br' 'br_ln194' <Predicate = true> <Delay = 0.38>

State 2 <SV = 1> <Delay = 2.14>
ST_2 : Operation 89 [1/1] (0.00ns)   --->   "%i = phi i3 0, void, i3 %add_ln199, void %.split230517293" [patchMaker.cpp:199]   --->   Operation 89 'phi' 'i' <Predicate = true> <Delay = 0.00>
ST_2 : Operation 90 [1/1] (0.57ns)   --->   "%add_ln199 = add i3 %i, i3 1" [patchMaker.cpp:199]   --->   Operation 90 'add' 'add_ln199' <Predicate = true> <Delay = 0.57> <CoreInst = "Adder">   --->   Core 1 'Adder' <Latency = 0> <II = 1> <Delay = 0.57> <FuncUnit> <Opcode : 'add' 'sub'> <InPorts = 2> <OutPorts = 1>
ST_2 : Operation 91 [1/1] (0.00ns)   --->   "%zext_ln196_2 = zext i3 %i" [patchMaker.cpp:196]   --->   Operation 91 'zext' 'zext_ln196_2' <Predicate = true> <Delay = 0.00>
ST_2 : Operation 92 [1/1] (0.70ns)   --->   "%add_ln196_1 = add i8 %add_ln196, i8 %zext_ln196_2" [patchMaker.cpp:196]   --->   Operation 92 'add' 'add_ln196_1' <Predicate = true> <Delay = 0.70> <CoreInst = "Adder">   --->   Core 1 'Adder' <Latency = 0> <II = 1> <Delay = 0.57> <FuncUnit> <Opcode : 'add' 'sub'> <InPorts = 2> <OutPorts = 1>
ST_2 : Operation 93 [1/1] (0.00ns)   --->   "%tmp_27 = bitconcatenate i12 @_ssdm_op_BitConcatenate.i12.i8.i4, i8 %add_ln196_1, i4 0" [patchMaker.cpp:196]   --->   Operation 93 'bitconcatenate' 'tmp_27' <Predicate = true> <Delay = 0.00>
ST_2 : Operation 94 [1/1] (0.00ns)   --->   "%zext_ln196_3 = zext i12 %tmp_27" [patchMaker.cpp:196]   --->   Operation 94 'zext' 'zext_ln196_3' <Predicate = true> <Delay = 0.00>
ST_2 : Operation 95 [1/1] (0.00ns)   --->   "%wp_superpoints_addr = getelementptr i64 %wp_superpoints, i64 0, i64 %zext_ln196_3" [patchMaker.cpp:196]   --->   Operation 95 'getelementptr' 'wp_superpoints_addr' <Predicate = true> <Delay = 0.00>
ST_2 : Operation 96 [1/1] (0.00ns)   --->   "%or_ln197 = or i12 %tmp_27, i12 15" [patchMaker.cpp:197]   --->   Operation 96 'or' 'or_ln197' <Predicate = true> <Delay = 0.00>
ST_2 : Operation 97 [1/1] (0.00ns)   --->   "%zext_ln197 = zext i12 %or_ln197" [patchMaker.cpp:197]   --->   Operation 97 'zext' 'zext_ln197' <Predicate = true> <Delay = 0.00>
ST_2 : Operation 98 [1/1] (0.00ns)   --->   "%wp_superpoints_addr_1 = getelementptr i64 %wp_superpoints, i64 0, i64 %zext_ln197" [patchMaker.cpp:197]   --->   Operation 98 'getelementptr' 'wp_superpoints_addr_1' <Predicate = true> <Delay = 0.00>
ST_2 : Operation 99 [1/1] (0.49ns)   --->   "%icmp_ln194 = icmp_eq  i3 %i, i3 4" [patchMaker.cpp:194]   --->   Operation 99 'icmp' 'icmp_ln194' <Predicate = true> <Delay = 0.49> <CoreInst = "Cmp">   --->   Core 9 'Cmp' <Latency = 0> <II = 1> <Delay = 0.85> <FuncUnit> <Opcode : 'icmp'> <InPorts = 2> <OutPorts = 1>
ST_2 : Operation 100 [1/1] (0.00ns)   --->   "%empty = speclooptripcount i32 @_ssdm_op_SpecLoopTripCount, i64 4, i64 4, i64 4"   --->   Operation 100 'speclooptripcount' 'empty' <Predicate = true> <Delay = 0.00>
ST_2 : Operation 101 [1/1] (0.00ns)   --->   "%br_ln194 = br i1 %icmp_ln194, void %.split2, void" [patchMaker.cpp:194]   --->   Operation 101 'br' 'br_ln194' <Predicate = true> <Delay = 0.00>
ST_2 : Operation 102 [1/1] (0.00ns)   --->   "%trunc_ln199 = trunc i3 %i" [patchMaker.cpp:199]   --->   Operation 102 'trunc' 'trunc_ln199' <Predicate = (!icmp_ln194)> <Delay = 0.00>
ST_2 : Operation 103 [1/1] (0.00ns)   --->   "%topL_jL_V_3_1_load = load i32 %topL_jL_V_3_1" [patchMaker.cpp:205]   --->   Operation 103 'load' 'topL_jL_V_3_1_load' <Predicate = (icmp_ln194)> <Delay = 0.00>
ST_2 : Operation 104 [1/1] (0.00ns)   --->   "%topL_jR_V_3_load = load i32 %topL_jR_V_3" [patchMaker.cpp:206]   --->   Operation 104 'load' 'topL_jR_V_3_load' <Predicate = (icmp_ln194)> <Delay = 0.00>
ST_2 : Operation 105 [1/1] (1.64ns)   --->   "%store_ln205 = store i32 %topL_jL_V_3_1_load, i12 %wp_parameters_addr" [patchMaker.cpp:205]   --->   Operation 105 'store' 'store_ln205' <Predicate = (icmp_ln194)> <Delay = 1.64> <CoreInst = "RAM">   --->   Core 83 'RAM' <Latency = 1> <II = 1> <Delay = 1.64> <Storage> <Opcode : 'load' 'store'> <Ports = 2> <Width = 32> <Depth = 3840> <RAM>
ST_2 : Operation 106 [1/1] (1.64ns)   --->   "%store_ln206 = store i32 %topL_jR_V_3_load, i12 %wp_parameters_addr_27" [patchMaker.cpp:206]   --->   Operation 106 'store' 'store_ln206' <Predicate = (icmp_ln194)> <Delay = 1.64> <CoreInst = "RAM">   --->   Core 83 'RAM' <Latency = 1> <II = 1> <Delay = 1.64> <Storage> <Opcode : 'load' 'store'> <Ports = 2> <Width = 32> <Depth = 3840> <RAM>

State 3 <SV = 2> <Delay = 1.64>
ST_3 : Operation 107 [2/2] (1.64ns)   --->   "%packedCoordinates_V = load i12 %wp_superpoints_addr" [patchMaker.cpp:196]   --->   Operation 107 'load' 'packedCoordinates_V' <Predicate = true> <Delay = 1.64> <CoreInst = "RAM">   --->   Core 83 'RAM' <Latency = 1> <II = 1> <Delay = 1.64> <Storage> <Opcode : 'load' 'store'> <Ports = 2> <Width = 64> <Depth = 2560> <RAM>

State 4 <SV = 3> <Delay = 1.64>
ST_4 : Operation 108 [1/2] (1.64ns)   --->   "%packedCoordinates_V = load i12 %wp_superpoints_addr" [patchMaker.cpp:196]   --->   Operation 108 'load' 'packedCoordinates_V' <Predicate = true> <Delay = 1.64> <CoreInst = "RAM">   --->   Core 83 'RAM' <Latency = 1> <II = 1> <Delay = 1.64> <Storage> <Opcode : 'load' 'store'> <Ports = 2> <Width = 64> <Depth = 2560> <RAM>
ST_4 : Operation 109 [1/1] (0.00ns)   --->   "%z_j_min_V = trunc i64 %packedCoordinates_V"   --->   Operation 109 'trunc' 'z_j_min_V' <Predicate = true> <Delay = 0.00>
ST_4 : Operation 110 [1/1] (0.00ns)   --->   "%zext_ln199 = zext i2 %trunc_ln199" [patchMaker.cpp:199]   --->   Operation 110 'zext' 'zext_ln199' <Predicate = true> <Delay = 0.00>
ST_4 : Operation 111 [1/1] (0.43ns)   --->   "%add_ln199_1 = add i3 %zext_ln199, i3 1" [patchMaker.cpp:199]   --->   Operation 111 'add' 'add_ln199_1' <Predicate = true> <Delay = 0.43> <CoreInst = "Adder">   --->   Core 1 'Adder' <Latency = 0> <II = 1> <Delay = 0.57> <FuncUnit> <Opcode : 'add' 'sub'> <InPorts = 2> <OutPorts = 1>

State 5 <SV = 4> <Delay = 2.08>
ST_5 : Operation 112 [7/7] (2.08ns)   --->   "%topL_jL_V_0 = call i32 @straightLineProjectorFromLayerIJtoK, i32 %select_ln185, i32 %z_j_min_V, i3 5, i3 %add_ln199_1, i3 1, i35 %radiiDivisionList" [patchMaker.cpp:199]   --->   Operation 112 'call' 'topL_jL_V_0' <Predicate = true> <Delay = 2.08> <CoreType = "Generic">   --->   Core 0 '' <Latency = 0> <II = 1> <Delay = 1.00> <Generic> <Opcode : >

State 6 <SV = 5> <Delay = 2.19>
ST_6 : Operation 113 [6/7] (2.19ns)   --->   "%topL_jL_V_0 = call i32 @straightLineProjectorFromLayerIJtoK, i32 %select_ln185, i32 %z_j_min_V, i3 5, i3 %add_ln199_1, i3 1, i35 %radiiDivisionList" [patchMaker.cpp:199]   --->   Operation 113 'call' 'topL_jL_V_0' <Predicate = true> <Delay = 2.19> <CoreType = "Generic">   --->   Core 0 '' <Latency = 0> <II = 1> <Delay = 1.00> <Generic> <Opcode : >

State 7 <SV = 6> <Delay = 2.19>
ST_7 : Operation 114 [5/7] (2.19ns)   --->   "%topL_jL_V_0 = call i32 @straightLineProjectorFromLayerIJtoK, i32 %select_ln185, i32 %z_j_min_V, i3 5, i3 %add_ln199_1, i3 1, i35 %radiiDivisionList" [patchMaker.cpp:199]   --->   Operation 114 'call' 'topL_jL_V_0' <Predicate = true> <Delay = 2.19> <CoreType = "Generic">   --->   Core 0 '' <Latency = 0> <II = 1> <Delay = 1.00> <Generic> <Opcode : >

State 8 <SV = 7> <Delay = 2.19>
ST_8 : Operation 115 [4/7] (2.19ns)   --->   "%topL_jL_V_0 = call i32 @straightLineProjectorFromLayerIJtoK, i32 %select_ln185, i32 %z_j_min_V, i3 5, i3 %add_ln199_1, i3 1, i35 %radiiDivisionList" [patchMaker.cpp:199]   --->   Operation 115 'call' 'topL_jL_V_0' <Predicate = true> <Delay = 2.19> <CoreType = "Generic">   --->   Core 0 '' <Latency = 0> <II = 1> <Delay = 1.00> <Generic> <Opcode : >

State 9 <SV = 8> <Delay = 2.19>
ST_9 : Operation 116 [2/2] (1.64ns)   --->   "%packedCoordinates_V_2 = load i12 %wp_superpoints_addr_1" [patchMaker.cpp:197]   --->   Operation 116 'load' 'packedCoordinates_V_2' <Predicate = true> <Delay = 1.64> <CoreInst = "RAM">   --->   Core 83 'RAM' <Latency = 1> <II = 1> <Delay = 1.64> <Storage> <Opcode : 'load' 'store'> <Ports = 2> <Width = 64> <Depth = 2560> <RAM>
ST_9 : Operation 117 [3/7] (2.19ns)   --->   "%topL_jL_V_0 = call i32 @straightLineProjectorFromLayerIJtoK, i32 %select_ln185, i32 %z_j_min_V, i3 5, i3 %add_ln199_1, i3 1, i35 %radiiDivisionList" [patchMaker.cpp:199]   --->   Operation 117 'call' 'topL_jL_V_0' <Predicate = true> <Delay = 2.19> <CoreType = "Generic">   --->   Core 0 '' <Latency = 0> <II = 1> <Delay = 1.00> <Generic> <Opcode : >

State 10 <SV = 9> <Delay = 2.19>
ST_10 : Operation 118 [1/2] (1.64ns)   --->   "%packedCoordinates_V_2 = load i12 %wp_superpoints_addr_1" [patchMaker.cpp:197]   --->   Operation 118 'load' 'packedCoordinates_V_2' <Predicate = true> <Delay = 1.64> <CoreInst = "RAM">   --->   Core 83 'RAM' <Latency = 1> <II = 1> <Delay = 1.64> <Storage> <Opcode : 'load' 'store'> <Ports = 2> <Width = 64> <Depth = 2560> <RAM>
ST_10 : Operation 119 [1/1] (0.00ns)   --->   "%z_j_max_V = trunc i64 %packedCoordinates_V_2"   --->   Operation 119 'trunc' 'z_j_max_V' <Predicate = true> <Delay = 0.00>
ST_10 : Operation 120 [2/7] (2.19ns)   --->   "%topL_jL_V_0 = call i32 @straightLineProjectorFromLayerIJtoK, i32 %select_ln185, i32 %z_j_min_V, i3 5, i3 %add_ln199_1, i3 1, i35 %radiiDivisionList" [patchMaker.cpp:199]   --->   Operation 120 'call' 'topL_jL_V_0' <Predicate = true> <Delay = 2.19> <CoreType = "Generic">   --->   Core 0 '' <Latency = 0> <II = 1> <Delay = 1.00> <Generic> <Opcode : >

State 11 <SV = 10> <Delay = 2.08>
ST_11 : Operation 121 [1/1] (0.00ns)   --->   "%specloopname_ln194 = specloopname void @_ssdm_op_SpecLoopName, void @empty_22" [patchMaker.cpp:194]   --->   Operation 121 'specloopname' 'specloopname_ln194' <Predicate = true> <Delay = 0.00>
ST_11 : Operation 122 [1/7] (1.10ns)   --->   "%topL_jL_V_0 = call i32 @straightLineProjectorFromLayerIJtoK, i32 %select_ln185, i32 %z_j_min_V, i3 5, i3 %add_ln199_1, i3 1, i35 %radiiDivisionList" [patchMaker.cpp:199]   --->   Operation 122 'call' 'topL_jL_V_0' <Predicate = true> <Delay = 1.10> <CoreType = "Generic">   --->   Core 0 '' <Latency = 0> <II = 1> <Delay = 1.00> <Generic> <Opcode : >
ST_11 : Operation 123 [1/1] (0.65ns)   --->   "%switch_ln199 = switch i2 %trunc_ln199, void %branch7, i2 0, void %.split2..split230_crit_edge, i2 1, void %branch5, i2 2, void %branch6" [patchMaker.cpp:199]   --->   Operation 123 'switch' 'switch_ln199' <Predicate = true> <Delay = 0.65>
ST_11 : Operation 124 [1/1] (0.00ns)   --->   "%store_ln199 = store i32 %topL_jL_V_0, i32 %topL_jL_V_3_4" [patchMaker.cpp:199]   --->   Operation 124 'store' 'store_ln199' <Predicate = (trunc_ln199 == 2)> <Delay = 0.00>
ST_11 : Operation 125 [1/1] (0.00ns)   --->   "%br_ln199 = br void %.split230" [patchMaker.cpp:199]   --->   Operation 125 'br' 'br_ln199' <Predicate = (trunc_ln199 == 2)> <Delay = 0.00>
ST_11 : Operation 126 [1/1] (0.00ns)   --->   "%store_ln199 = store i32 %topL_jL_V_0, i32 %topL_jL_V_3_2" [patchMaker.cpp:199]   --->   Operation 126 'store' 'store_ln199' <Predicate = (trunc_ln199 == 1)> <Delay = 0.00>
ST_11 : Operation 127 [1/1] (0.00ns)   --->   "%br_ln199 = br void %.split230" [patchMaker.cpp:199]   --->   Operation 127 'br' 'br_ln199' <Predicate = (trunc_ln199 == 1)> <Delay = 0.00>
ST_11 : Operation 128 [1/1] (0.00ns)   --->   "%store_ln199 = store i32 %topL_jL_V_0, i32 %topL_jL_V_3_1" [patchMaker.cpp:199]   --->   Operation 128 'store' 'store_ln199' <Predicate = (trunc_ln199 == 0)> <Delay = 0.00>
ST_11 : Operation 129 [1/1] (0.00ns)   --->   "%br_ln199 = br void %.split230" [patchMaker.cpp:199]   --->   Operation 129 'br' 'br_ln199' <Predicate = (trunc_ln199 == 0)> <Delay = 0.00>
ST_11 : Operation 130 [1/1] (0.00ns)   --->   "%store_ln199 = store i32 %topL_jL_V_0, i32 %topL_jL_V_3_5" [patchMaker.cpp:199]   --->   Operation 130 'store' 'store_ln199' <Predicate = (trunc_ln199 == 3)> <Delay = 0.00>
ST_11 : Operation 131 [1/1] (0.00ns)   --->   "%br_ln199 = br void %.split230" [patchMaker.cpp:199]   --->   Operation 131 'br' 'br_ln199' <Predicate = (trunc_ln199 == 3)> <Delay = 0.00>
ST_11 : Operation 132 [7/7] (2.08ns)   --->   "%topL_jR_V_0 = call i32 @straightLineProjectorFromLayerIJtoK, i32 %select_ln185, i32 %z_j_max_V, i3 5, i3 %add_ln199_1, i3 1, i35 %radiiDivisionList" [patchMaker.cpp:200]   --->   Operation 132 'call' 'topL_jR_V_0' <Predicate = true> <Delay = 2.08> <CoreType = "Generic">   --->   Core 0 '' <Latency = 0> <II = 1> <Delay = 1.00> <Generic> <Opcode : >

State 12 <SV = 11> <Delay = 2.19>
ST_12 : Operation 133 [6/7] (2.19ns)   --->   "%topL_jR_V_0 = call i32 @straightLineProjectorFromLayerIJtoK, i32 %select_ln185, i32 %z_j_max_V, i3 5, i3 %add_ln199_1, i3 1, i35 %radiiDivisionList" [patchMaker.cpp:200]   --->   Operation 133 'call' 'topL_jR_V_0' <Predicate = true> <Delay = 2.19> <CoreType = "Generic">   --->   Core 0 '' <Latency = 0> <II = 1> <Delay = 1.00> <Generic> <Opcode : >

State 13 <SV = 12> <Delay = 2.19>
ST_13 : Operation 134 [5/7] (2.19ns)   --->   "%topL_jR_V_0 = call i32 @straightLineProjectorFromLayerIJtoK, i32 %select_ln185, i32 %z_j_max_V, i3 5, i3 %add_ln199_1, i3 1, i35 %radiiDivisionList" [patchMaker.cpp:200]   --->   Operation 134 'call' 'topL_jR_V_0' <Predicate = true> <Delay = 2.19> <CoreType = "Generic">   --->   Core 0 '' <Latency = 0> <II = 1> <Delay = 1.00> <Generic> <Opcode : >

State 14 <SV = 13> <Delay = 2.19>
ST_14 : Operation 135 [4/7] (2.19ns)   --->   "%topL_jR_V_0 = call i32 @straightLineProjectorFromLayerIJtoK, i32 %select_ln185, i32 %z_j_max_V, i3 5, i3 %add_ln199_1, i3 1, i35 %radiiDivisionList" [patchMaker.cpp:200]   --->   Operation 135 'call' 'topL_jR_V_0' <Predicate = true> <Delay = 2.19> <CoreType = "Generic">   --->   Core 0 '' <Latency = 0> <II = 1> <Delay = 1.00> <Generic> <Opcode : >

State 15 <SV = 14> <Delay = 2.19>
ST_15 : Operation 136 [3/7] (2.19ns)   --->   "%topL_jR_V_0 = call i32 @straightLineProjectorFromLayerIJtoK, i32 %select_ln185, i32 %z_j_max_V, i3 5, i3 %add_ln199_1, i3 1, i35 %radiiDivisionList" [patchMaker.cpp:200]   --->   Operation 136 'call' 'topL_jR_V_0' <Predicate = true> <Delay = 2.19> <CoreType = "Generic">   --->   Core 0 '' <Latency = 0> <II = 1> <Delay = 1.00> <Generic> <Opcode : >

State 16 <SV = 15> <Delay = 2.19>
ST_16 : Operation 137 [2/7] (2.19ns)   --->   "%topL_jR_V_0 = call i32 @straightLineProjectorFromLayerIJtoK, i32 %select_ln185, i32 %z_j_max_V, i3 5, i3 %add_ln199_1, i3 1, i35 %radiiDivisionList" [patchMaker.cpp:200]   --->   Operation 137 'call' 'topL_jR_V_0' <Predicate = true> <Delay = 2.19> <CoreType = "Generic">   --->   Core 0 '' <Latency = 0> <II = 1> <Delay = 1.00> <Generic> <Opcode : >

State 17 <SV = 16> <Delay = 2.08>
ST_17 : Operation 138 [1/7] (1.10ns)   --->   "%topL_jR_V_0 = call i32 @straightLineProjectorFromLayerIJtoK, i32 %select_ln185, i32 %z_j_max_V, i3 5, i3 %add_ln199_1, i3 1, i35 %radiiDivisionList" [patchMaker.cpp:200]   --->   Operation 138 'call' 'topL_jR_V_0' <Predicate = true> <Delay = 1.10> <CoreType = "Generic">   --->   Core 0 '' <Latency = 0> <II = 1> <Delay = 1.00> <Generic> <Opcode : >
ST_17 : Operation 139 [1/1] (0.65ns)   --->   "%switch_ln200 = switch i2 %trunc_ln199, void %branch15, i2 0, void %.split230..split23051_crit_edge, i2 1, void %branch13, i2 2, void %branch14" [patchMaker.cpp:200]   --->   Operation 139 'switch' 'switch_ln200' <Predicate = true> <Delay = 0.65>
ST_17 : Operation 140 [1/1] (0.00ns)   --->   "%store_ln200 = store i32 %topL_jR_V_0, i32 %topL_jR_V_3_2" [patchMaker.cpp:200]   --->   Operation 140 'store' 'store_ln200' <Predicate = (trunc_ln199 == 2)> <Delay = 0.00>
ST_17 : Operation 141 [1/1] (0.00ns)   --->   "%br_ln200 = br void %.split23051" [patchMaker.cpp:200]   --->   Operation 141 'br' 'br_ln200' <Predicate = (trunc_ln199 == 2)> <Delay = 0.00>
ST_17 : Operation 142 [1/1] (0.00ns)   --->   "%store_ln200 = store i32 %topL_jR_V_0, i32 %topL_jR_V_3_1" [patchMaker.cpp:200]   --->   Operation 142 'store' 'store_ln200' <Predicate = (trunc_ln199 == 1)> <Delay = 0.00>
ST_17 : Operation 143 [1/1] (0.00ns)   --->   "%br_ln200 = br void %.split23051" [patchMaker.cpp:200]   --->   Operation 143 'br' 'br_ln200' <Predicate = (trunc_ln199 == 1)> <Delay = 0.00>
ST_17 : Operation 144 [1/1] (0.00ns)   --->   "%store_ln200 = store i32 %topL_jR_V_0, i32 %topL_jR_V_3" [patchMaker.cpp:200]   --->   Operation 144 'store' 'store_ln200' <Predicate = (trunc_ln199 == 0)> <Delay = 0.00>
ST_17 : Operation 145 [1/1] (0.00ns)   --->   "%br_ln200 = br void %.split23051" [patchMaker.cpp:200]   --->   Operation 145 'br' 'br_ln200' <Predicate = (trunc_ln199 == 0)> <Delay = 0.00>
ST_17 : Operation 146 [1/1] (0.00ns)   --->   "%store_ln200 = store i32 %topL_jR_V_0, i32 %topL_jR_V_3_3" [patchMaker.cpp:200]   --->   Operation 146 'store' 'store_ln200' <Predicate = (trunc_ln199 == 3)> <Delay = 0.00>
ST_17 : Operation 147 [1/1] (0.00ns)   --->   "%br_ln200 = br void %.split23051" [patchMaker.cpp:200]   --->   Operation 147 'br' 'br_ln200' <Predicate = (trunc_ln199 == 3)> <Delay = 0.00>
ST_17 : Operation 148 [7/7] (2.08ns)   --->   "%topR_jL_V_0 = call i32 @straightLineProjectorFromLayerIJtoK, i32 %select_ln186, i32 %z_j_min_V, i3 5, i3 %add_ln199_1, i3 1, i35 %radiiDivisionList" [patchMaker.cpp:201]   --->   Operation 148 'call' 'topR_jL_V_0' <Predicate = true> <Delay = 2.08> <CoreType = "Generic">   --->   Core 0 '' <Latency = 0> <II = 1> <Delay = 1.00> <Generic> <Opcode : >

State 18 <SV = 17> <Delay = 2.19>
ST_18 : Operation 149 [6/7] (2.19ns)   --->   "%topR_jL_V_0 = call i32 @straightLineProjectorFromLayerIJtoK, i32 %select_ln186, i32 %z_j_min_V, i3 5, i3 %add_ln199_1, i3 1, i35 %radiiDivisionList" [patchMaker.cpp:201]   --->   Operation 149 'call' 'topR_jL_V_0' <Predicate = true> <Delay = 2.19> <CoreType = "Generic">   --->   Core 0 '' <Latency = 0> <II = 1> <Delay = 1.00> <Generic> <Opcode : >

State 19 <SV = 18> <Delay = 2.19>
ST_19 : Operation 150 [5/7] (2.19ns)   --->   "%topR_jL_V_0 = call i32 @straightLineProjectorFromLayerIJtoK, i32 %select_ln186, i32 %z_j_min_V, i3 5, i3 %add_ln199_1, i3 1, i35 %radiiDivisionList" [patchMaker.cpp:201]   --->   Operation 150 'call' 'topR_jL_V_0' <Predicate = true> <Delay = 2.19> <CoreType = "Generic">   --->   Core 0 '' <Latency = 0> <II = 1> <Delay = 1.00> <Generic> <Opcode : >

State 20 <SV = 19> <Delay = 2.19>
ST_20 : Operation 151 [4/7] (2.19ns)   --->   "%topR_jL_V_0 = call i32 @straightLineProjectorFromLayerIJtoK, i32 %select_ln186, i32 %z_j_min_V, i3 5, i3 %add_ln199_1, i3 1, i35 %radiiDivisionList" [patchMaker.cpp:201]   --->   Operation 151 'call' 'topR_jL_V_0' <Predicate = true> <Delay = 2.19> <CoreType = "Generic">   --->   Core 0 '' <Latency = 0> <II = 1> <Delay = 1.00> <Generic> <Opcode : >

State 21 <SV = 20> <Delay = 2.19>
ST_21 : Operation 152 [3/7] (2.19ns)   --->   "%topR_jL_V_0 = call i32 @straightLineProjectorFromLayerIJtoK, i32 %select_ln186, i32 %z_j_min_V, i3 5, i3 %add_ln199_1, i3 1, i35 %radiiDivisionList" [patchMaker.cpp:201]   --->   Operation 152 'call' 'topR_jL_V_0' <Predicate = true> <Delay = 2.19> <CoreType = "Generic">   --->   Core 0 '' <Latency = 0> <II = 1> <Delay = 1.00> <Generic> <Opcode : >

State 22 <SV = 21> <Delay = 2.19>
ST_22 : Operation 153 [2/7] (2.19ns)   --->   "%topR_jL_V_0 = call i32 @straightLineProjectorFromLayerIJtoK, i32 %select_ln186, i32 %z_j_min_V, i3 5, i3 %add_ln199_1, i3 1, i35 %radiiDivisionList" [patchMaker.cpp:201]   --->   Operation 153 'call' 'topR_jL_V_0' <Predicate = true> <Delay = 2.19> <CoreType = "Generic">   --->   Core 0 '' <Latency = 0> <II = 1> <Delay = 1.00> <Generic> <Opcode : >

State 23 <SV = 22> <Delay = 2.08>
ST_23 : Operation 154 [1/7] (1.10ns)   --->   "%topR_jL_V_0 = call i32 @straightLineProjectorFromLayerIJtoK, i32 %select_ln186, i32 %z_j_min_V, i3 5, i3 %add_ln199_1, i3 1, i35 %radiiDivisionList" [patchMaker.cpp:201]   --->   Operation 154 'call' 'topR_jL_V_0' <Predicate = true> <Delay = 1.10> <CoreType = "Generic">   --->   Core 0 '' <Latency = 0> <II = 1> <Delay = 1.00> <Generic> <Opcode : >
ST_23 : Operation 155 [1/1] (0.65ns)   --->   "%switch_ln201 = switch i2 %trunc_ln199, void %branch23, i2 0, void %.split23051..split2305172_crit_edge, i2 1, void %branch21, i2 2, void %branch22" [patchMaker.cpp:201]   --->   Operation 155 'switch' 'switch_ln201' <Predicate = true> <Delay = 0.65>
ST_23 : Operation 156 [1/1] (0.00ns)   --->   "%store_ln201 = store i32 %topR_jL_V_0, i32 %topR_jL_V_3_2" [patchMaker.cpp:201]   --->   Operation 156 'store' 'store_ln201' <Predicate = (trunc_ln199 == 2)> <Delay = 0.00>
ST_23 : Operation 157 [1/1] (0.00ns)   --->   "%br_ln201 = br void %.split2305172" [patchMaker.cpp:201]   --->   Operation 157 'br' 'br_ln201' <Predicate = (trunc_ln199 == 2)> <Delay = 0.00>
ST_23 : Operation 158 [1/1] (0.00ns)   --->   "%store_ln201 = store i32 %topR_jL_V_0, i32 %topR_jL_V_3_1" [patchMaker.cpp:201]   --->   Operation 158 'store' 'store_ln201' <Predicate = (trunc_ln199 == 1)> <Delay = 0.00>
ST_23 : Operation 159 [1/1] (0.00ns)   --->   "%br_ln201 = br void %.split2305172" [patchMaker.cpp:201]   --->   Operation 159 'br' 'br_ln201' <Predicate = (trunc_ln199 == 1)> <Delay = 0.00>
ST_23 : Operation 160 [1/1] (0.00ns)   --->   "%store_ln201 = store i32 %topR_jL_V_0, i32 %topR_jL_V_3" [patchMaker.cpp:201]   --->   Operation 160 'store' 'store_ln201' <Predicate = (trunc_ln199 == 0)> <Delay = 0.00>
ST_23 : Operation 161 [1/1] (0.00ns)   --->   "%br_ln201 = br void %.split2305172" [patchMaker.cpp:201]   --->   Operation 161 'br' 'br_ln201' <Predicate = (trunc_ln199 == 0)> <Delay = 0.00>
ST_23 : Operation 162 [1/1] (0.00ns)   --->   "%store_ln201 = store i32 %topR_jL_V_0, i32 %topR_jL_V_3_3" [patchMaker.cpp:201]   --->   Operation 162 'store' 'store_ln201' <Predicate = (trunc_ln199 == 3)> <Delay = 0.00>
ST_23 : Operation 163 [1/1] (0.00ns)   --->   "%br_ln201 = br void %.split2305172" [patchMaker.cpp:201]   --->   Operation 163 'br' 'br_ln201' <Predicate = (trunc_ln199 == 3)> <Delay = 0.00>
ST_23 : Operation 164 [7/7] (2.08ns)   --->   "%topR_jR_V_0 = call i32 @straightLineProjectorFromLayerIJtoK, i32 %select_ln186, i32 %z_j_max_V, i3 5, i3 %add_ln199_1, i3 1, i35 %radiiDivisionList" [patchMaker.cpp:202]   --->   Operation 164 'call' 'topR_jR_V_0' <Predicate = true> <Delay = 2.08> <CoreType = "Generic">   --->   Core 0 '' <Latency = 0> <II = 1> <Delay = 1.00> <Generic> <Opcode : >

State 24 <SV = 23> <Delay = 2.19>
ST_24 : Operation 165 [6/7] (2.19ns)   --->   "%topR_jR_V_0 = call i32 @straightLineProjectorFromLayerIJtoK, i32 %select_ln186, i32 %z_j_max_V, i3 5, i3 %add_ln199_1, i3 1, i35 %radiiDivisionList" [patchMaker.cpp:202]   --->   Operation 165 'call' 'topR_jR_V_0' <Predicate = true> <Delay = 2.19> <CoreType = "Generic">   --->   Core 0 '' <Latency = 0> <II = 1> <Delay = 1.00> <Generic> <Opcode : >

State 25 <SV = 24> <Delay = 2.19>
ST_25 : Operation 166 [5/7] (2.19ns)   --->   "%topR_jR_V_0 = call i32 @straightLineProjectorFromLayerIJtoK, i32 %select_ln186, i32 %z_j_max_V, i3 5, i3 %add_ln199_1, i3 1, i35 %radiiDivisionList" [patchMaker.cpp:202]   --->   Operation 166 'call' 'topR_jR_V_0' <Predicate = true> <Delay = 2.19> <CoreType = "Generic">   --->   Core 0 '' <Latency = 0> <II = 1> <Delay = 1.00> <Generic> <Opcode : >

State 26 <SV = 25> <Delay = 2.19>
ST_26 : Operation 167 [4/7] (2.19ns)   --->   "%topR_jR_V_0 = call i32 @straightLineProjectorFromLayerIJtoK, i32 %select_ln186, i32 %z_j_max_V, i3 5, i3 %add_ln199_1, i3 1, i35 %radiiDivisionList" [patchMaker.cpp:202]   --->   Operation 167 'call' 'topR_jR_V_0' <Predicate = true> <Delay = 2.19> <CoreType = "Generic">   --->   Core 0 '' <Latency = 0> <II = 1> <Delay = 1.00> <Generic> <Opcode : >

State 27 <SV = 26> <Delay = 2.19>
ST_27 : Operation 168 [3/7] (2.19ns)   --->   "%topR_jR_V_0 = call i32 @straightLineProjectorFromLayerIJtoK, i32 %select_ln186, i32 %z_j_max_V, i3 5, i3 %add_ln199_1, i3 1, i35 %radiiDivisionList" [patchMaker.cpp:202]   --->   Operation 168 'call' 'topR_jR_V_0' <Predicate = true> <Delay = 2.19> <CoreType = "Generic">   --->   Core 0 '' <Latency = 0> <II = 1> <Delay = 1.00> <Generic> <Opcode : >

State 28 <SV = 27> <Delay = 2.19>
ST_28 : Operation 169 [2/7] (2.19ns)   --->   "%topR_jR_V_0 = call i32 @straightLineProjectorFromLayerIJtoK, i32 %select_ln186, i32 %z_j_max_V, i3 5, i3 %add_ln199_1, i3 1, i35 %radiiDivisionList" [patchMaker.cpp:202]   --->   Operation 169 'call' 'topR_jR_V_0' <Predicate = true> <Delay = 2.19> <CoreType = "Generic">   --->   Core 0 '' <Latency = 0> <II = 1> <Delay = 1.00> <Generic> <Opcode : >

State 29 <SV = 28> <Delay = 1.10>
ST_29 : Operation 170 [1/7] (1.10ns)   --->   "%topR_jR_V_0 = call i32 @straightLineProjectorFromLayerIJtoK, i32 %select_ln186, i32 %z_j_max_V, i3 5, i3 %add_ln199_1, i3 1, i35 %radiiDivisionList" [patchMaker.cpp:202]   --->   Operation 170 'call' 'topR_jR_V_0' <Predicate = true> <Delay = 1.10> <CoreType = "Generic">   --->   Core 0 '' <Latency = 0> <II = 1> <Delay = 1.00> <Generic> <Opcode : >
ST_29 : Operation 171 [1/1] (0.65ns)   --->   "%switch_ln202 = switch i2 %trunc_ln199, void %branch31, i2 0, void %.split2305172..split230517293_crit_edge, i2 1, void %branch29, i2 2, void %branch30" [patchMaker.cpp:202]   --->   Operation 171 'switch' 'switch_ln202' <Predicate = true> <Delay = 0.65>
ST_29 : Operation 172 [1/1] (0.00ns)   --->   "%store_ln202 = store i32 %topR_jR_V_0, i32 %topR_jR_V_3_2" [patchMaker.cpp:202]   --->   Operation 172 'store' 'store_ln202' <Predicate = (trunc_ln199 == 2)> <Delay = 0.00>
ST_29 : Operation 173 [1/1] (0.00ns)   --->   "%br_ln202 = br void %.split230517293" [patchMaker.cpp:202]   --->   Operation 173 'br' 'br_ln202' <Predicate = (trunc_ln199 == 2)> <Delay = 0.00>
ST_29 : Operation 174 [1/1] (0.00ns)   --->   "%store_ln202 = store i32 %topR_jR_V_0, i32 %topR_jR_V_3_1" [patchMaker.cpp:202]   --->   Operation 174 'store' 'store_ln202' <Predicate = (trunc_ln199 == 1)> <Delay = 0.00>
ST_29 : Operation 175 [1/1] (0.00ns)   --->   "%br_ln202 = br void %.split230517293" [patchMaker.cpp:202]   --->   Operation 175 'br' 'br_ln202' <Predicate = (trunc_ln199 == 1)> <Delay = 0.00>
ST_29 : Operation 176 [1/1] (0.00ns)   --->   "%store_ln202 = store i32 %topR_jR_V_0, i32 %topR_jR_V_3" [patchMaker.cpp:202]   --->   Operation 176 'store' 'store_ln202' <Predicate = (trunc_ln199 == 0)> <Delay = 0.00>
ST_29 : Operation 177 [1/1] (0.00ns)   --->   "%br_ln202 = br void %.split230517293" [patchMaker.cpp:202]   --->   Operation 177 'br' 'br_ln202' <Predicate = (trunc_ln199 == 0)> <Delay = 0.00>
ST_29 : Operation 178 [1/1] (0.00ns)   --->   "%store_ln202 = store i32 %topR_jR_V_0, i32 %topR_jR_V_3_3" [patchMaker.cpp:202]   --->   Operation 178 'store' 'store_ln202' <Predicate = (trunc_ln199 == 3)> <Delay = 0.00>
ST_29 : Operation 179 [1/1] (0.00ns)   --->   "%br_ln202 = br void %.split230517293" [patchMaker.cpp:202]   --->   Operation 179 'br' 'br_ln202' <Predicate = (trunc_ln199 == 3)> <Delay = 0.00>
ST_29 : Operation 180 [1/1] (0.00ns)   --->   "%br_ln0 = br void"   --->   Operation 180 'br' 'br_ln0' <Predicate = true> <Delay = 0.00>

State 30 <SV = 2> <Delay = 1.64>
ST_30 : Operation 181 [1/1] (0.00ns)   --->   "%topR_jL_V_3_load = load i32 %topR_jL_V_3" [patchMaker.cpp:207]   --->   Operation 181 'load' 'topR_jL_V_3_load' <Predicate = true> <Delay = 0.00>
ST_30 : Operation 182 [1/1] (0.00ns)   --->   "%topR_jR_V_3_load = load i32 %topR_jR_V_3" [patchMaker.cpp:208]   --->   Operation 182 'load' 'topR_jR_V_3_load' <Predicate = true> <Delay = 0.00>
ST_30 : Operation 183 [1/1] (1.64ns)   --->   "%store_ln207 = store i32 %topR_jL_V_3_load, i12 %wp_parameters_addr_28" [patchMaker.cpp:207]   --->   Operation 183 'store' 'store_ln207' <Predicate = true> <Delay = 1.64> <CoreInst = "RAM">   --->   Core 83 'RAM' <Latency = 1> <II = 1> <Delay = 1.64> <Storage> <Opcode : 'load' 'store'> <Ports = 2> <Width = 32> <Depth = 3840> <RAM>
ST_30 : Operation 184 [1/1] (1.64ns)   --->   "%store_ln208 = store i32 %topR_jR_V_3_load, i12 %wp_parameters_addr_29" [patchMaker.cpp:208]   --->   Operation 184 'store' 'store_ln208' <Predicate = true> <Delay = 1.64> <CoreInst = "RAM">   --->   Core 83 'RAM' <Latency = 1> <II = 1> <Delay = 1.64> <Storage> <Opcode : 'load' 'store'> <Ports = 2> <Width = 32> <Depth = 3840> <RAM>
ST_30 : Operation 185 [1/1] (0.38ns)   --->   "%br_ln212 = br void" [patchMaker.cpp:212]   --->   Operation 185 'br' 'br_ln212' <Predicate = true> <Delay = 0.38>

State 31 <SV = 3> <Delay = 1.64>
ST_31 : Operation 186 [1/1] (0.00ns)   --->   "%i_10 = phi i3 1, void, i3 %add_ln212, void %._crit_edge2" [patchMaker.cpp:212]   --->   Operation 186 'phi' 'i_10' <Predicate = true> <Delay = 0.00>
ST_31 : Operation 187 [1/1] (0.49ns)   --->   "%icmp_ln212 = icmp_eq  i3 %i_10, i3 4" [patchMaker.cpp:212]   --->   Operation 187 'icmp' 'icmp_ln212' <Predicate = true> <Delay = 0.49> <CoreInst = "Cmp">   --->   Core 9 'Cmp' <Latency = 0> <II = 1> <Delay = 0.85> <FuncUnit> <Opcode : 'icmp'> <InPorts = 2> <OutPorts = 1>
ST_31 : Operation 188 [1/1] (0.00ns)   --->   "%empty_79 = speclooptripcount i32 @_ssdm_op_SpecLoopTripCount, i64 3, i64 3, i64 3"   --->   Operation 188 'speclooptripcount' 'empty_79' <Predicate = true> <Delay = 0.00>
ST_31 : Operation 189 [1/1] (0.00ns)   --->   "%br_ln212 = br i1 %icmp_ln212, void %.split_ifconv, void" [patchMaker.cpp:212]   --->   Operation 189 'br' 'br_ln212' <Predicate = true> <Delay = 0.00>
ST_31 : Operation 190 [2/2] (1.64ns)   --->   "%wp_parameters_load = load i12 %wp_parameters_addr"   --->   Operation 190 'load' 'wp_parameters_load' <Predicate = (!icmp_ln212)> <Delay = 1.64> <CoreInst = "RAM">   --->   Core 83 'RAM' <Latency = 1> <II = 1> <Delay = 1.64> <Storage> <Opcode : 'load' 'store'> <Ports = 2> <Width = 32> <Depth = 3840> <RAM>
ST_31 : Operation 191 [1/1] (0.00ns)   --->   "%ret_ln231 = ret" [patchMaker.cpp:231]   --->   Operation 191 'ret' 'ret_ln231' <Predicate = (icmp_ln212)> <Delay = 0.00>

State 32 <SV = 4> <Delay = 1.64>
ST_32 : Operation 192 [1/2] (1.64ns)   --->   "%wp_parameters_load = load i12 %wp_parameters_addr"   --->   Operation 192 'load' 'wp_parameters_load' <Predicate = true> <Delay = 1.64> <CoreInst = "RAM">   --->   Core 83 'RAM' <Latency = 1> <II = 1> <Delay = 1.64> <Storage> <Opcode : 'load' 'store'> <Ports = 2> <Width = 32> <Depth = 3840> <RAM>

State 33 <SV = 5> <Delay = 1.42>
ST_33 : Operation 193 [1/1] (0.00ns)   --->   "%topL_jL_V_3_2_load = load i32 %topL_jL_V_3_2"   --->   Operation 193 'load' 'topL_jL_V_3_2_load' <Predicate = true> <Delay = 0.00>
ST_33 : Operation 194 [1/1] (0.00ns)   --->   "%topL_jL_V_3_4_load = load i32 %topL_jL_V_3_4"   --->   Operation 194 'load' 'topL_jL_V_3_4_load' <Predicate = true> <Delay = 0.00>
ST_33 : Operation 195 [1/1] (0.00ns)   --->   "%topL_jL_V_3_5_load = load i32 %topL_jL_V_3_5"   --->   Operation 195 'load' 'topL_jL_V_3_5_load' <Predicate = true> <Delay = 0.00>
ST_33 : Operation 196 [1/1] (0.00ns)   --->   "%specloopname_ln212 = specloopname void @_ssdm_op_SpecLoopName, void @empty_21" [patchMaker.cpp:212]   --->   Operation 196 'specloopname' 'specloopname_ln212' <Predicate = true> <Delay = 0.00>
ST_33 : Operation 197 [1/1] (0.00ns)   --->   "%trunc_ln886 = trunc i3 %i_10"   --->   Operation 197 'trunc' 'trunc_ln886' <Predicate = true> <Delay = 0.00>
ST_33 : Operation 198 [1/1] (0.34ns)   --->   "%icmp_ln886_9 = icmp_eq  i2 %trunc_ln886, i2 2"   --->   Operation 198 'icmp' 'icmp_ln886_9' <Predicate = true> <Delay = 0.34> <CoreInst = "Cmp">   --->   Core 9 'Cmp' <Latency = 0> <II = 1> <Delay = 0.85> <FuncUnit> <Opcode : 'icmp'> <InPorts = 2> <OutPorts = 1>
ST_33 : Operation 199 [1/1] (0.00ns) (grouped into LUT with out node topL_jL_V_3_7)   --->   "%topL_jL_V_3 = select i1 %icmp_ln886_9, i32 %topL_jL_V_3_4_load, i32 %topL_jL_V_3_5_load"   --->   Operation 199 'select' 'topL_jL_V_3' <Predicate = true> <Delay = 0.00> <CoreInst = "Sel">   --->   Core 73 'Sel' <Latency = 0> <II = 1> <Delay = 0.22> <FuncUnit> <Opcode : 'select'> <InPorts = 3> <OutPorts = 1>
ST_33 : Operation 200 [1/1] (0.34ns)   --->   "%icmp_ln886_11 = icmp_eq  i2 %trunc_ln886, i2 1"   --->   Operation 200 'icmp' 'icmp_ln886_11' <Predicate = true> <Delay = 0.34> <CoreInst = "Cmp">   --->   Core 9 'Cmp' <Latency = 0> <II = 1> <Delay = 0.85> <FuncUnit> <Opcode : 'icmp'> <InPorts = 2> <OutPorts = 1>
ST_33 : Operation 201 [1/1] (0.22ns) (out node of the LUT)   --->   "%topL_jL_V_3_7 = select i1 %icmp_ln886_11, i32 %topL_jL_V_3_2_load, i32 %topL_jL_V_3"   --->   Operation 201 'select' 'topL_jL_V_3_7' <Predicate = true> <Delay = 0.22> <CoreInst = "Sel">   --->   Core 73 'Sel' <Latency = 0> <II = 1> <Delay = 0.22> <FuncUnit> <Opcode : 'select'> <InPorts = 3> <OutPorts = 1>
ST_33 : Operation 202 [1/1] (0.85ns)   --->   "%icmp_ln886 = icmp_sgt  i32 %topL_jL_V_3_7, i32 %wp_parameters_load"   --->   Operation 202 'icmp' 'icmp_ln886' <Predicate = true> <Delay = 0.85> <CoreInst = "Cmp">   --->   Core 9 'Cmp' <Latency = 0> <II = 1> <Delay = 0.85> <FuncUnit> <Opcode : 'icmp'> <InPorts = 2> <OutPorts = 1>
ST_33 : Operation 203 [1/1] (0.00ns)   --->   "%br_ln214 = br i1 %icmp_ln886, void %.split._crit_edge, void" [patchMaker.cpp:214]   --->   Operation 203 'br' 'br_ln214' <Predicate = true> <Delay = 0.00>

State 34 <SV = 6> <Delay = 1.64>
ST_34 : Operation 204 [1/1] (1.64ns)   --->   "%store_ln216 = store i32 %topL_jL_V_3_7, i12 %wp_parameters_addr" [patchMaker.cpp:216]   --->   Operation 204 'store' 'store_ln216' <Predicate = (icmp_ln886)> <Delay = 1.64> <CoreInst = "RAM">   --->   Core 83 'RAM' <Latency = 1> <II = 1> <Delay = 1.64> <Storage> <Opcode : 'load' 'store'> <Ports = 2> <Width = 32> <Depth = 3840> <RAM>
ST_34 : Operation 205 [1/1] (0.00ns)   --->   "%br_ln217 = br void %.split._crit_edge" [patchMaker.cpp:217]   --->   Operation 205 'br' 'br_ln217' <Predicate = (icmp_ln886)> <Delay = 0.00>
ST_34 : Operation 206 [2/2] (1.64ns)   --->   "%wp_parameters_load_10 = load i12 %wp_parameters_addr_27"   --->   Operation 206 'load' 'wp_parameters_load_10' <Predicate = true> <Delay = 1.64> <CoreInst = "RAM">   --->   Core 83 'RAM' <Latency = 1> <II = 1> <Delay = 1.64> <Storage> <Opcode : 'load' 'store'> <Ports = 2> <Width = 32> <Depth = 3840> <RAM>

State 35 <SV = 7> <Delay = 1.64>
ST_35 : Operation 207 [1/2] (1.64ns)   --->   "%wp_parameters_load_10 = load i12 %wp_parameters_addr_27"   --->   Operation 207 'load' 'wp_parameters_load_10' <Predicate = true> <Delay = 1.64> <CoreInst = "RAM">   --->   Core 83 'RAM' <Latency = 1> <II = 1> <Delay = 1.64> <Storage> <Opcode : 'load' 'store'> <Ports = 2> <Width = 32> <Depth = 3840> <RAM>

State 36 <SV = 8> <Delay = 1.31>
ST_36 : Operation 208 [1/1] (0.00ns)   --->   "%topL_jR_V_3_1_load = load i32 %topL_jR_V_3_1"   --->   Operation 208 'load' 'topL_jR_V_3_1_load' <Predicate = true> <Delay = 0.00>
ST_36 : Operation 209 [1/1] (0.00ns)   --->   "%topL_jR_V_3_2_load = load i32 %topL_jR_V_3_2"   --->   Operation 209 'load' 'topL_jR_V_3_2_load' <Predicate = true> <Delay = 0.00>
ST_36 : Operation 210 [1/1] (0.00ns)   --->   "%topL_jR_V_3_3_load = load i32 %topL_jR_V_3_3"   --->   Operation 210 'load' 'topL_jR_V_3_3_load' <Predicate = true> <Delay = 0.00>
ST_36 : Operation 211 [1/1] (0.45ns)   --->   "%phi_ln = mux i32 @_ssdm_op_Mux.ap_auto.4i32.i2, i32 %topL_jR_V_3_3_load, i32 %topL_jR_V_3_1_load, i32 %topL_jR_V_3_2_load, i32 %topL_jR_V_3_3_load, i2 %trunc_ln886"   --->   Operation 211 'mux' 'phi_ln' <Predicate = true> <Delay = 0.45> <CoreInst = "Multiplexer">   --->   Core 76 'Multiplexer' <Latency = 0> <II = 1> <Delay = 0.45> <FuncUnit> <Opcode : 'mux'> <InPorts = 2> <OutPorts = 1>
ST_36 : Operation 212 [1/1] (0.85ns)   --->   "%icmp_ln878_12 = icmp_slt  i32 %phi_ln, i32 %wp_parameters_load_10"   --->   Operation 212 'icmp' 'icmp_ln878_12' <Predicate = true> <Delay = 0.85> <CoreInst = "Cmp">   --->   Core 9 'Cmp' <Latency = 0> <II = 1> <Delay = 0.85> <FuncUnit> <Opcode : 'icmp'> <InPorts = 2> <OutPorts = 1>
ST_36 : Operation 213 [1/1] (0.00ns)   --->   "%br_ln218 = br i1 %icmp_ln878_12, void %._crit_edge, void" [patchMaker.cpp:218]   --->   Operation 213 'br' 'br_ln218' <Predicate = true> <Delay = 0.00>

State 37 <SV = 9> <Delay = 1.64>
ST_37 : Operation 214 [1/1] (1.64ns)   --->   "%store_ln220 = store i32 %phi_ln, i12 %wp_parameters_addr_27" [patchMaker.cpp:220]   --->   Operation 214 'store' 'store_ln220' <Predicate = (icmp_ln878_12)> <Delay = 1.64> <CoreInst = "RAM">   --->   Core 83 'RAM' <Latency = 1> <II = 1> <Delay = 1.64> <Storage> <Opcode : 'load' 'store'> <Ports = 2> <Width = 32> <Depth = 3840> <RAM>
ST_37 : Operation 215 [1/1] (0.00ns)   --->   "%br_ln221 = br void %._crit_edge" [patchMaker.cpp:221]   --->   Operation 215 'br' 'br_ln221' <Predicate = (icmp_ln878_12)> <Delay = 0.00>
ST_37 : Operation 216 [2/2] (1.64ns)   --->   "%wp_parameters_load_11 = load i12 %wp_parameters_addr_28"   --->   Operation 216 'load' 'wp_parameters_load_11' <Predicate = true> <Delay = 1.64> <CoreInst = "RAM">   --->   Core 83 'RAM' <Latency = 1> <II = 1> <Delay = 1.64> <Storage> <Opcode : 'load' 'store'> <Ports = 2> <Width = 32> <Depth = 3840> <RAM>

State 38 <SV = 10> <Delay = 1.64>
ST_38 : Operation 217 [1/2] (1.64ns)   --->   "%wp_parameters_load_11 = load i12 %wp_parameters_addr_28"   --->   Operation 217 'load' 'wp_parameters_load_11' <Predicate = true> <Delay = 1.64> <CoreInst = "RAM">   --->   Core 83 'RAM' <Latency = 1> <II = 1> <Delay = 1.64> <Storage> <Opcode : 'load' 'store'> <Ports = 2> <Width = 32> <Depth = 3840> <RAM>

State 39 <SV = 11> <Delay = 1.31>
ST_39 : Operation 218 [1/1] (0.00ns)   --->   "%topR_jL_V_3_1_load = load i32 %topR_jL_V_3_1"   --->   Operation 218 'load' 'topR_jL_V_3_1_load' <Predicate = true> <Delay = 0.00>
ST_39 : Operation 219 [1/1] (0.00ns)   --->   "%topR_jL_V_3_2_load = load i32 %topR_jL_V_3_2"   --->   Operation 219 'load' 'topR_jL_V_3_2_load' <Predicate = true> <Delay = 0.00>
ST_39 : Operation 220 [1/1] (0.00ns)   --->   "%topR_jL_V_3_3_load = load i32 %topR_jL_V_3_3"   --->   Operation 220 'load' 'topR_jL_V_3_3_load' <Predicate = true> <Delay = 0.00>
ST_39 : Operation 221 [1/1] (0.45ns)   --->   "%phi_ln886_1 = mux i32 @_ssdm_op_Mux.ap_auto.4i32.i2, i32 %topR_jL_V_3_3_load, i32 %topR_jL_V_3_1_load, i32 %topR_jL_V_3_2_load, i32 %topR_jL_V_3_3_load, i2 %trunc_ln886"   --->   Operation 221 'mux' 'phi_ln886_1' <Predicate = true> <Delay = 0.45> <CoreInst = "Multiplexer">   --->   Core 76 'Multiplexer' <Latency = 0> <II = 1> <Delay = 0.45> <FuncUnit> <Opcode : 'mux'> <InPorts = 2> <OutPorts = 1>
ST_39 : Operation 222 [1/1] (0.85ns)   --->   "%icmp_ln886_10 = icmp_sgt  i32 %phi_ln886_1, i32 %wp_parameters_load_11"   --->   Operation 222 'icmp' 'icmp_ln886_10' <Predicate = true> <Delay = 0.85> <CoreInst = "Cmp">   --->   Core 9 'Cmp' <Latency = 0> <II = 1> <Delay = 0.85> <FuncUnit> <Opcode : 'icmp'> <InPorts = 2> <OutPorts = 1>
ST_39 : Operation 223 [1/1] (0.00ns)   --->   "%br_ln222 = br i1 %icmp_ln886_10, void %._crit_edge1, void" [patchMaker.cpp:222]   --->   Operation 223 'br' 'br_ln222' <Predicate = true> <Delay = 0.00>

State 40 <SV = 12> <Delay = 1.64>
ST_40 : Operation 224 [1/1] (1.64ns)   --->   "%store_ln224 = store i32 %phi_ln886_1, i12 %wp_parameters_addr_28" [patchMaker.cpp:224]   --->   Operation 224 'store' 'store_ln224' <Predicate = (icmp_ln886_10)> <Delay = 1.64> <CoreInst = "RAM">   --->   Core 83 'RAM' <Latency = 1> <II = 1> <Delay = 1.64> <Storage> <Opcode : 'load' 'store'> <Ports = 2> <Width = 32> <Depth = 3840> <RAM>
ST_40 : Operation 225 [1/1] (0.00ns)   --->   "%br_ln225 = br void %._crit_edge1" [patchMaker.cpp:225]   --->   Operation 225 'br' 'br_ln225' <Predicate = (icmp_ln886_10)> <Delay = 0.00>
ST_40 : Operation 226 [2/2] (1.64ns)   --->   "%wp_parameters_load_12 = load i12 %wp_parameters_addr_29"   --->   Operation 226 'load' 'wp_parameters_load_12' <Predicate = true> <Delay = 1.64> <CoreInst = "RAM">   --->   Core 83 'RAM' <Latency = 1> <II = 1> <Delay = 1.64> <Storage> <Opcode : 'load' 'store'> <Ports = 2> <Width = 32> <Depth = 3840> <RAM>

State 41 <SV = 13> <Delay = 1.64>
ST_41 : Operation 227 [1/2] (1.64ns)   --->   "%wp_parameters_load_12 = load i12 %wp_parameters_addr_29"   --->   Operation 227 'load' 'wp_parameters_load_12' <Predicate = true> <Delay = 1.64> <CoreInst = "RAM">   --->   Core 83 'RAM' <Latency = 1> <II = 1> <Delay = 1.64> <Storage> <Opcode : 'load' 'store'> <Ports = 2> <Width = 32> <Depth = 3840> <RAM>

State 42 <SV = 14> <Delay = 1.31>
ST_42 : Operation 228 [1/1] (0.00ns)   --->   "%topR_jR_V_3_1_load = load i32 %topR_jR_V_3_1"   --->   Operation 228 'load' 'topR_jR_V_3_1_load' <Predicate = true> <Delay = 0.00>
ST_42 : Operation 229 [1/1] (0.00ns)   --->   "%topR_jR_V_3_2_load = load i32 %topR_jR_V_3_2"   --->   Operation 229 'load' 'topR_jR_V_3_2_load' <Predicate = true> <Delay = 0.00>
ST_42 : Operation 230 [1/1] (0.00ns)   --->   "%topR_jR_V_3_3_load = load i32 %topR_jR_V_3_3"   --->   Operation 230 'load' 'topR_jR_V_3_3_load' <Predicate = true> <Delay = 0.00>
ST_42 : Operation 231 [1/1] (0.45ns)   --->   "%phi_ln878_1 = mux i32 @_ssdm_op_Mux.ap_auto.4i32.i2, i32 %topR_jR_V_3_3_load, i32 %topR_jR_V_3_1_load, i32 %topR_jR_V_3_2_load, i32 %topR_jR_V_3_3_load, i2 %trunc_ln886"   --->   Operation 231 'mux' 'phi_ln878_1' <Predicate = true> <Delay = 0.45> <CoreInst = "Multiplexer">   --->   Core 76 'Multiplexer' <Latency = 0> <II = 1> <Delay = 0.45> <FuncUnit> <Opcode : 'mux'> <InPorts = 2> <OutPorts = 1>
ST_42 : Operation 232 [1/1] (0.85ns)   --->   "%icmp_ln878_13 = icmp_slt  i32 %phi_ln878_1, i32 %wp_parameters_load_12"   --->   Operation 232 'icmp' 'icmp_ln878_13' <Predicate = true> <Delay = 0.85> <CoreInst = "Cmp">   --->   Core 9 'Cmp' <Latency = 0> <II = 1> <Delay = 0.85> <FuncUnit> <Opcode : 'icmp'> <InPorts = 2> <OutPorts = 1>
ST_42 : Operation 233 [1/1] (0.00ns)   --->   "%br_ln226 = br i1 %icmp_ln878_13, void %._crit_edge2, void" [patchMaker.cpp:226]   --->   Operation 233 'br' 'br_ln226' <Predicate = true> <Delay = 0.00>

State 43 <SV = 15> <Delay = 1.64>
ST_43 : Operation 234 [1/1] (1.64ns)   --->   "%store_ln228 = store i32 %phi_ln878_1, i12 %wp_parameters_addr_29" [patchMaker.cpp:228]   --->   Operation 234 'store' 'store_ln228' <Predicate = (icmp_ln878_13)> <Delay = 1.64> <CoreInst = "RAM">   --->   Core 83 'RAM' <Latency = 1> <II = 1> <Delay = 1.64> <Storage> <Opcode : 'load' 'store'> <Ports = 2> <Width = 32> <Depth = 3840> <RAM>
ST_43 : Operation 235 [1/1] (0.00ns)   --->   "%br_ln229 = br void %._crit_edge2" [patchMaker.cpp:229]   --->   Operation 235 'br' 'br_ln229' <Predicate = (icmp_ln878_13)> <Delay = 0.00>
ST_43 : Operation 236 [1/1] (0.57ns)   --->   "%add_ln212 = add i3 %i_10, i3 1" [patchMaker.cpp:212]   --->   Operation 236 'add' 'add_ln212' <Predicate = true> <Delay = 0.57> <CoreInst = "Adder">   --->   Core 1 'Adder' <Latency = 0> <II = 1> <Delay = 0.57> <FuncUnit> <Opcode : 'add' 'sub'> <InPorts = 2> <OutPorts = 1>
ST_43 : Operation 237 [1/1] (0.00ns)   --->   "%br_ln0 = br void"   --->   Operation 237 'br' 'br_ln0' <Predicate = true> <Delay = 0.00>


============================================================
+ Verbose Summary: Timing violations
============================================================
Target clock period: 3ns, clock uncertainty: 0.81ns.

 <State 1>: 1.49ns
The critical path consists of the following:
	wire read on port 'wp_parameters_offset' (patchMaker.cpp:205) [27]  (0 ns)
	'sub' operation ('sub_ln205', patchMaker.cpp:205) [32]  (0.745 ns)
	'add' operation ('add_ln205', patchMaker.cpp:205) [33]  (0.745 ns)

 <State 2>: 2.14ns
The critical path consists of the following:
	'load' operation ('topL_jL_V_3_1_load', patchMaker.cpp:205) on local variable 'topL_jL.V[3]' [139]  (0 ns)
	'store' operation ('store_ln205', patchMaker.cpp:205) of variable 'topL_jL_V_3_1_load', patchMaker.cpp:205 on array 'wp_parameters' [143]  (1.65 ns)
	blocking operation 0.499 ns on control path)

 <State 3>: 1.65ns
The critical path consists of the following:
	'load' operation ('packedCoordinates.V', patchMaker.cpp:196) on array 'wp_superpoints' [70]  (1.65 ns)

 <State 4>: 1.65ns
The critical path consists of the following:
	'load' operation ('packedCoordinates.V', patchMaker.cpp:196) on array 'wp_superpoints' [70]  (1.65 ns)

 <State 5>: 2.08ns
The critical path consists of the following:
	'call' operation ('topL_jL.V[0]', patchMaker.cpp:199) to 'straightLineProjectorFromLayerIJtoK' [77]  (2.08 ns)

 <State 6>: 2.19ns
The critical path consists of the following:
	'call' operation ('topL_jL.V[0]', patchMaker.cpp:199) to 'straightLineProjectorFromLayerIJtoK' [77]  (2.19 ns)

 <State 7>: 2.19ns
The critical path consists of the following:
	'call' operation ('topL_jL.V[0]', patchMaker.cpp:199) to 'straightLineProjectorFromLayerIJtoK' [77]  (2.19 ns)

 <State 8>: 2.19ns
The critical path consists of the following:
	'call' operation ('topL_jL.V[0]', patchMaker.cpp:199) to 'straightLineProjectorFromLayerIJtoK' [77]  (2.19 ns)

 <State 9>: 2.19ns
The critical path consists of the following:
	'call' operation ('topL_jL.V[0]', patchMaker.cpp:199) to 'straightLineProjectorFromLayerIJtoK' [77]  (2.19 ns)

 <State 10>: 2.19ns
The critical path consists of the following:
	'call' operation ('topL_jL.V[0]', patchMaker.cpp:199) to 'straightLineProjectorFromLayerIJtoK' [77]  (2.19 ns)

 <State 11>: 2.08ns
The critical path consists of the following:
	'call' operation ('topL_jR.V[0]', patchMaker.cpp:200) to 'straightLineProjectorFromLayerIJtoK' [92]  (2.08 ns)

 <State 12>: 2.19ns
The critical path consists of the following:
	'call' operation ('topL_jR.V[0]', patchMaker.cpp:200) to 'straightLineProjectorFromLayerIJtoK' [92]  (2.19 ns)

 <State 13>: 2.19ns
The critical path consists of the following:
	'call' operation ('topL_jR.V[0]', patchMaker.cpp:200) to 'straightLineProjectorFromLayerIJtoK' [92]  (2.19 ns)

 <State 14>: 2.19ns
The critical path consists of the following:
	'call' operation ('topL_jR.V[0]', patchMaker.cpp:200) to 'straightLineProjectorFromLayerIJtoK' [92]  (2.19 ns)

 <State 15>: 2.19ns
The critical path consists of the following:
	'call' operation ('topL_jR.V[0]', patchMaker.cpp:200) to 'straightLineProjectorFromLayerIJtoK' [92]  (2.19 ns)

 <State 16>: 2.19ns
The critical path consists of the following:
	'call' operation ('topL_jR.V[0]', patchMaker.cpp:200) to 'straightLineProjectorFromLayerIJtoK' [92]  (2.19 ns)

 <State 17>: 2.08ns
The critical path consists of the following:
	'call' operation ('topR_jL.V[0]', patchMaker.cpp:201) to 'straightLineProjectorFromLayerIJtoK' [107]  (2.08 ns)

 <State 18>: 2.19ns
The critical path consists of the following:
	'call' operation ('topR_jL.V[0]', patchMaker.cpp:201) to 'straightLineProjectorFromLayerIJtoK' [107]  (2.19 ns)

 <State 19>: 2.19ns
The critical path consists of the following:
	'call' operation ('topR_jL.V[0]', patchMaker.cpp:201) to 'straightLineProjectorFromLayerIJtoK' [107]  (2.19 ns)

 <State 20>: 2.19ns
The critical path consists of the following:
	'call' operation ('topR_jL.V[0]', patchMaker.cpp:201) to 'straightLineProjectorFromLayerIJtoK' [107]  (2.19 ns)

 <State 21>: 2.19ns
The critical path consists of the following:
	'call' operation ('topR_jL.V[0]', patchMaker.cpp:201) to 'straightLineProjectorFromLayerIJtoK' [107]  (2.19 ns)

 <State 22>: 2.19ns
The critical path consists of the following:
	'call' operation ('topR_jL.V[0]', patchMaker.cpp:201) to 'straightLineProjectorFromLayerIJtoK' [107]  (2.19 ns)

 <State 23>: 2.08ns
The critical path consists of the following:
	'call' operation ('topR_jR.V[0]', patchMaker.cpp:202) to 'straightLineProjectorFromLayerIJtoK' [122]  (2.08 ns)

 <State 24>: 2.19ns
The critical path consists of the following:
	'call' operation ('topR_jR.V[0]', patchMaker.cpp:202) to 'straightLineProjectorFromLayerIJtoK' [122]  (2.19 ns)

 <State 25>: 2.19ns
The critical path consists of the following:
	'call' operation ('topR_jR.V[0]', patchMaker.cpp:202) to 'straightLineProjectorFromLayerIJtoK' [122]  (2.19 ns)

 <State 26>: 2.19ns
The critical path consists of the following:
	'call' operation ('topR_jR.V[0]', patchMaker.cpp:202) to 'straightLineProjectorFromLayerIJtoK' [122]  (2.19 ns)

 <State 27>: 2.19ns
The critical path consists of the following:
	'call' operation ('topR_jR.V[0]', patchMaker.cpp:202) to 'straightLineProjectorFromLayerIJtoK' [122]  (2.19 ns)

 <State 28>: 2.19ns
The critical path consists of the following:
	'call' operation ('topR_jR.V[0]', patchMaker.cpp:202) to 'straightLineProjectorFromLayerIJtoK' [122]  (2.19 ns)

 <State 29>: 1.11ns
The critical path consists of the following:
	'call' operation ('topR_jR.V[0]', patchMaker.cpp:202) to 'straightLineProjectorFromLayerIJtoK' [122]  (1.11 ns)

 <State 30>: 1.65ns
The critical path consists of the following:
	'load' operation ('topR_jL_V_3_load', patchMaker.cpp:207) on local variable 'topR_jL.V[3]' [141]  (0 ns)
	'store' operation ('store_ln207', patchMaker.cpp:207) of variable 'topR_jL_V_3_load', patchMaker.cpp:207 on array 'wp_parameters' [145]  (1.65 ns)

 <State 31>: 1.65ns
The critical path consists of the following:
	'load' operation ('wp_parameters_load') on array 'wp_parameters' [163]  (1.65 ns)

 <State 32>: 1.65ns
The critical path consists of the following:
	'load' operation ('wp_parameters_load') on array 'wp_parameters' [163]  (1.65 ns)

 <State 33>: 1.43ns
The critical path consists of the following:
	'icmp' operation ('icmp_ln886_11') [161]  (0.343 ns)
	'select' operation ('topL_jL.V[3]') [162]  (0.227 ns)
	'icmp' operation ('icmp_ln886') [164]  (0.859 ns)

 <State 34>: 1.65ns
The critical path consists of the following:
	'store' operation ('store_ln216', patchMaker.cpp:216) of variable 'topL_jL.V[3]' on array 'wp_parameters' [167]  (1.65 ns)

 <State 35>: 1.65ns
The critical path consists of the following:
	'load' operation ('wp_parameters_load_10') on array 'wp_parameters' [174]  (1.65 ns)

 <State 36>: 1.31ns
The critical path consists of the following:
	'load' operation ('topL_jR_V_3_1_load') on local variable 'topL_jR.V[3]' [170]  (0 ns)
	'mux' operation ('phi_ln') [173]  (0.453 ns)
	'icmp' operation ('icmp_ln878_12') [175]  (0.859 ns)

 <State 37>: 1.65ns
The critical path consists of the following:
	'store' operation ('store_ln220', patchMaker.cpp:220) of variable 'phi_ln' on array 'wp_parameters' [178]  (1.65 ns)

 <State 38>: 1.65ns
The critical path consists of the following:
	'load' operation ('wp_parameters_load_11') on array 'wp_parameters' [185]  (1.65 ns)

 <State 39>: 1.31ns
The critical path consists of the following:
	'load' operation ('topR_jL_V_3_1_load') on local variable 'topR_jL.V[3]' [181]  (0 ns)
	'mux' operation ('phi_ln886_1') [184]  (0.453 ns)
	'icmp' operation ('icmp_ln886_10') [186]  (0.859 ns)

 <State 40>: 1.65ns
The critical path consists of the following:
	'store' operation ('store_ln224', patchMaker.cpp:224) of variable 'phi_ln886_1' on array 'wp_parameters' [189]  (1.65 ns)

 <State 41>: 1.65ns
The critical path consists of the following:
	'load' operation ('wp_parameters_load_12') on array 'wp_parameters' [196]  (1.65 ns)

 <State 42>: 1.31ns
The critical path consists of the following:
	'load' operation ('topR_jR_V_3_1_load') on local variable 'topR_jR.V[3]' [192]  (0 ns)
	'mux' operation ('phi_ln878_1') [195]  (0.453 ns)
	'icmp' operation ('icmp_ln878_13') [197]  (0.859 ns)

 <State 43>: 1.65ns
The critical path consists of the following:
	'store' operation ('store_ln228', patchMaker.cpp:228) of variable 'phi_ln878_1' on array 'wp_parameters' [200]  (1.65 ns)


============================================================
+ Verbose Summary: Binding
============================================================
N/A
* FSMD analyzer results:
  - Output states:
 - Input state : 
  - Chain level:
	State 1
	State 2
	State 3
	State 4
	State 5
	State 6
	State 7
	State 8
	State 9
	State 10
	State 11
	State 12
	State 13
	State 14
	State 15
	State 16
	State 17
	State 18
	State 19
	State 20
	State 21
	State 22
	State 23
	State 24
	State 25
	State 26
	State 27
	State 28
	State 29
	State 30
	State 31
	State 32
	State 33
	State 34
	State 35
	State 36
	State 37
	State 38
	State 39
	State 40
	State 41
	State 42
	State 43


============================================================
+ Verbose Summary: Datapath Resource usage 
============================================================
N/A
