

================================================================
== Vitis HLS Report for 'makeThirdPatch'
================================================================
* Date:           Mon Aug  5 17:49:27 2024

* Version:        2020.2 (Build 3064766 on Wed Nov 18 09:12:45 MST 2020)
* Project:        PatchMaker_tanishGit
* Solution:       solutionSC4 (Vivado IP Flow Target)
* Product family: virtexuplus
* Target device:  xcvu19p-fsvb3824-2-e


================================================================
== Performance Estimates
================================================================
+ Timing: 
    * Summary: 
    +--------+---------+----------+------------+
    |  Clock |  Target | Estimated| Uncertainty|
    +--------+---------+----------+------------+
    |ap_clk  |  3.00 ns|  2.190 ns|     0.81 ns|
    +--------+---------+----------+------------+

+ Latency: 
    * Summary: 
    +---------+---------+----------+----------+-----+-----+---------+
    |  Latency (cycles) |  Latency (absolute) |  Interval | Pipeline|
    |   min   |   max   |    min   |    max   | min | max |   Type  |
    +---------+---------+----------+----------+-----+-----+---------+
    |        ?|        ?|         ?|         ?|    ?|    ?|     none|
    +---------+---------+----------+----------+-----+-----+---------+

    + Detail: 
        * Instance: 
        +------------------------------------------------+-------------------------------------+---------+---------+-----------+-----------+-----+-----+---------+
        |                                                |                                     |  Latency (cycles) |   Latency (absolute)  |  Interval | Pipeline|
        |                    Instance                    |                Module               |   min   |   max   |    min    |    max    | min | max |   Type  |
        +------------------------------------------------+-------------------------------------+---------+---------+-----------+-----------+-----+-----+---------+
        |grp_makePatch_alignedToLine_fu_466              |makePatch_alignedToLine              |        ?|        ?|          ?|          ?|    ?|    ?|     none|
        |grp_getShadows_fu_493                           |getShadows                           |      117|      117|   0.351 us|   0.351 us|  117|  117|     none|
        |grp_delete_patch_fu_511                         |delete_patch                         |        ?|        ?|          ?|          ?|    ?|    ?|     none|
        |grp_straightLineProjectorFromLayerIJtoK_fu_525  |straightLineProjectorFromLayerIJtoK  |        6|        6|  18.000 ns|  18.000 ns|    1|    1|      yes|
        +------------------------------------------------+-------------------------------------+---------+---------+-----------+-----------+-----+-----+---------+

        * Loop: 
        +-------------------+---------+---------+----------+-----------+-----------+------+----------+
        |                   |  Latency (cycles) | Iteration|  Initiation Interval  | Trip |          |
        |     Loop Name     |   min   |   max   |  Latency |  achieved |   target  | Count| Pipelined|
        +-------------------+---------+---------+----------+-----------+-----------+------+----------+
        |- thirdPatch_loop  |        ?|        ?|         ?|          -|          -|     ?|        no|
        +-------------------+---------+---------+----------+-----------+-----------+------+----------+



================================================================
== Utilization Estimates
================================================================
* Summary: 
+---------------------+---------+------+---------+---------+-----+
|         Name        | BRAM_18K|  DSP |    FF   |   LUT   | URAM|
+---------------------+---------+------+---------+---------+-----+
|DSP                  |        -|     -|        -|        -|    -|
|Expression           |        -|     -|        0|     1811|    -|
|FIFO                 |        -|     -|        -|        -|    -|
|Instance             |        3|     0|     9526|    11473|    -|
|Memory               |        -|     -|        -|        -|    -|
|Multiplexer          |        -|     -|        -|     1019|    -|
|Register             |        -|     -|     1692|        -|    -|
+---------------------+---------+------+---------+---------+-----+
|Total                |        3|     0|    11218|    14303|    0|
+---------------------+---------+------+---------+---------+-----+
|Available SLR        |     1080|   960|  2042880|  1021440|   80|
+---------------------+---------+------+---------+---------+-----+
|Utilization SLR (%)  |       ~0|     0|       ~0|        1|    0|
+---------------------+---------+------+---------+---------+-----+
|Available            |     4320|  3840|  8171520|  4085760|  320|
+---------------------+---------+------+---------+---------+-----+
|Utilization (%)      |       ~0|     0|       ~0|       ~0|    0|
+---------------------+---------+------+---------+---------+-----+

+ Detail: 
    * Instance: 
    +------------------------------------+-------------------------+---------+----+------+------+-----+
    |              Instance              |          Module         | BRAM_18K| DSP|  FF  |  LUT | URAM|
    +------------------------------------+-------------------------+---------+----+------+------+-----+
    |grp_delete_patch_fu_511             |delete_patch             |        0|   0|   320|  1096|    0|
    |grp_getShadows_fu_493               |getShadows               |        0|   0|  1697|  1301|    0|
    |grp_makePatch_alignedToLine_fu_466  |makePatch_alignedToLine  |        3|   0|  7509|  9076|    0|
    +------------------------------------+-------------------------+---------+----+------+------+-----+
    |Total                               |                         |        3|   0|  9526| 11473|    0|
    +------------------------------------+-------------------------+---------+----+------+------+-----+

    * DSP: 
    N/A

    * Memory: 
    N/A

    * FIFO: 
    N/A

    * Expression: 
    +----------------------------------------+----------+----+---+----+------------+------------+
    |              Variable Name             | Operation| DSP| FF| LUT| Bitwidth P0| Bitwidth P1|
    +----------------------------------------+----------+----+---+----+------------+------------+
    |loopCounter_2_fu_893_p2                 |         +|   0|  0|  39|          32|           1|
    |shifted_Align_4_fu_975_p2               |         +|   0|  0|  71|          64|          64|
    |grp_fu_566_p2                           |         -|   0|  0|  39|           1|          32|
    |horizontalShiftBottom_1_fu_1067_p2      |         -|   0|  0|  39|          32|          32|
    |horizontalShiftBottom_fu_812_p2         |         -|   0|  0|  39|          32|          32|
    |horizontalShiftTop_1_fu_1055_p2         |         -|   0|  0|  39|          32|          32|
    |horizontalShiftTop_fu_808_p2            |         -|   0|  0|  39|          32|          32|
    |ret_10_fu_1089_p2                       |         -|   0|  0|  40|          33|          33|
    |ret_11_fu_1119_p2                       |         -|   0|  0|  40|          33|          33|
    |ret_12_fu_1127_p2                       |         -|   0|  0|  40|          33|          33|
    |ret_7_fu_692_p2                         |         -|   0|  0|  40|          33|          33|
    |ret_8_fu_746_p2                         |         -|   0|  0|  40|          33|          33|
    |ret_9_fu_1081_p2                        |         -|   0|  0|  40|          33|          33|
    |ret_fu_652_p2                           |         -|   0|  0|  40|          33|          33|
    |shifted_Align_3_fu_969_p2               |         -|   0|  0|  71|          64|          64|
    |and_ln1069_fu_594_p2                    |       and|   0|  0|   2|           1|           1|
    |and_ln1079_fu_708_p2                    |       and|   0|  0|   2|           1|           1|
    |and_ln1139_1_fu_946_p2                  |       and|   0|  0|   2|           1|           1|
    |and_ln1139_2_fu_907_p2                  |       and|   0|  0|   2|           1|           1|
    |and_ln1139_fu_940_p2                    |       and|   0|  0|   2|           1|           1|
    |and_ln1214_fu_1174_p2                   |       and|   0|  0|   2|           1|           1|
    |ap_block_state55_on_subcall_done        |       and|   0|  0|   2|           1|           1|
    |ap_block_state79_on_subcall_done        |       and|   0|  0|   2|           1|           1|
    |lnot_fu_856_p2                          |       and|   0|  0|   2|           1|           1|
    |grp_fu_541_p2                           |      icmp|   0|  0|  20|          32|          32|
    |grp_fu_547_p2                           |      icmp|   0|  0|  20|          32|           1|
    |grp_fu_552_p2                           |      icmp|   0|  0|  20|          32|           1|
    |icmp_ln1066_fu_572_p2                   |      icmp|   0|  0|  11|           8|           1|
    |icmp_ln1139_1_fu_923_p2                 |      icmp|   0|  0|  19|          31|           1|
    |icmp_ln1139_fu_882_p2                   |      icmp|   0|  0|  19|          31|           1|
    |icmp_ln1204_fu_1162_p2                  |      icmp|   0|  0|  20|          32|           5|
    |icmp_ln1216_fu_1179_p2                  |      icmp|   0|  0|  11|           8|           2|
    |icmp_ln878_2_fu_658_p2                  |      icmp|   0|  0|  20|          33|           8|
    |icmp_ln878_3_fu_704_p2                  |      icmp|   0|  0|  20|          32|          32|
    |icmp_ln878_4_fu_752_p2                  |      icmp|   0|  0|  20|          33|           8|
    |icmp_ln878_5_fu_952_p2                  |      icmp|   0|  0|  20|          32|          32|
    |icmp_ln878_6_fu_1072_p2                 |      icmp|   0|  0|  20|          32|          24|
    |icmp_ln878_7_fu_1094_p2                 |      icmp|   0|  0|  20|          33|          33|
    |icmp_ln878_8_fu_1132_p2                 |      icmp|   0|  0|  20|          33|          33|
    |icmp_ln878_fu_588_p2                    |      icmp|   0|  0|  20|          32|          32|
    |icmp_ln886_3_fu_698_p2                  |      icmp|   0|  0|  20|          33|           6|
    |icmp_ln886_4_fu_736_p2                  |      icmp|   0|  0|  20|          32|          32|
    |icmp_ln886_5_fu_802_p2                  |      icmp|   0|  0|  20|          32|           1|
    |icmp_ln886_6_fu_1168_p2                 |      icmp|   0|  0|  20|          32|          24|
    |phitmp3_fu_730_p2                       |      icmp|   0|  0|  20|          32|          29|
    |phitmp4_fu_680_p2                       |      icmp|   0|  0|  20|          32|          29|
    |phitmp5_fu_774_p2                       |      icmp|   0|  0|  20|          32|          29|
    |phitmp_fu_640_p2                        |      icmp|   0|  0|  20|          32|          29|
    |ap_predicate_op356_call_state79         |        or|   0|  0|   2|           1|           1|
    |or_ln1139_1_fu_888_p2                   |        or|   0|  0|   2|           1|           1|
    |or_ln1139_2_fu_796_p2                   |        or|   0|  0|   2|           1|           1|
    |or_ln1139_3_fu_929_p2                   |        or|   0|  0|   2|           1|           1|
    |or_ln1139_fu_780_p2                     |        or|   0|  0|   2|           1|           1|
    |shiftOriginal_1_fu_846_p2               |        or|   0|  0|   2|           1|           1|
    |complementary_topL_jL_V_3_fu_1041_p3    |    select|   0|  0|  32|           1|          32|
    |complementary_topL_jR_V_4_fu_999_p3     |    select|   0|  0|  32|           1|          32|
    |complementary_topR_jL_V_3_fu_1034_p3    |    select|   0|  0|  32|           1|          32|
    |complementary_topR_jR_V_4_fu_992_p3     |    select|   0|  0|  32|           1|          32|
    |horizontalOverlapBottom_V_1_fu_1146_p3  |    select|   0|  0|  32|           1|          32|
    |horizontalOverlapTop_V_1_fu_1108_p3     |    select|   0|  0|  32|           1|          32|
    |newZtop_V_1_fu_862_p3                   |    select|   0|  0|  32|           1|          32|
    |original_topL_jL_V_4_fu_1020_p3         |    select|   0|  0|  32|           1|          32|
    |original_topL_jR_V_3_fu_1013_p3         |    select|   0|  0|  32|           1|          32|
    |original_topR_jL_V_3_fu_1027_p3         |    select|   0|  0|  32|           1|          32|
    |original_topR_jR_V_3_fu_1006_p3         |    select|   0|  0|  32|           1|          32|
    |select_ln1068_1_fu_580_p3               |    select|   0|  0|   5|           1|           5|
    |select_ln1068_fu_600_p3                 |    select|   0|  0|   5|           1|           5|
    |select_ln1092_fu_608_p3                 |    select|   0|  0|   5|           1|           5|
    |select_ln1093_fu_616_p3                 |    select|   0|  0|   5|           1|           5|
    |select_ln180_4_fu_672_p3                |    select|   0|  0|  32|           1|          32|
    |select_ln180_5_fu_722_p3                |    select|   0|  0|  32|           1|          32|
    |select_ln180_6_fu_766_p3                |    select|   0|  0|  32|           1|          32|
    |select_ln180_fu_632_p3                  |    select|   0|  0|  32|           1|          32|
    |select_ln534_fu_958_p3                  |    select|   0|  0|  32|           1|          32|
    |shifted_Align_1_fu_836_p3               |    select|   0|  0|  32|           1|          32|
    |shifted_Align_5_fu_981_p3               |    select|   0|  0|  63|           1|          64|
    |shifted_Align_fu_824_p3                 |    select|   0|  0|  32|           1|          32|
    |cmp_i_i301_not_fu_851_p2                |       xor|   0|  0|   2|           1|           2|
    |shiftOriginal_fu_830_p2                 |       xor|   0|  0|   2|           1|           2|
    |xor_ln1139_fu_934_p2                    |       xor|   0|  0|   2|           1|           2|
    +----------------------------------------+----------+----+---+----+------------+------------+
    |Total                                   |          |   0|  0|1811|        1284|        1626|
    +----------------------------------------+----------+----+---+----+------------+------------+

    * Multiplexer: 
    +----------------------------------------------------+-----+-----------+-----+-----------+
    |                        Name                        | LUT | Input Size| Bits| Total Bits|
    +----------------------------------------------------+-----+-----------+-----+-----------+
    |agg_tmp172_0_reg_455                                |    9|          2|   32|         64|
    |ap_NS_fsm                                           |  377|         80|    1|         80|
    |complementary_topL_jL_V_1_reg_367                   |    9|          2|   32|         64|
    |complementary_topL_jR_V_reg_347                     |    9|          2|   32|         64|
    |complementary_topR_jL_V_1_reg_357                   |    9|          2|   32|         64|
    |complementary_topR_jR_V_reg_317                     |    9|          2|   32|         64|
    |empty_77_reg_248                                    |    9|          2|    1|          2|
    |empty_78_reg_263                                    |    9|          2|    1|          2|
    |empty_79_reg_275                                    |    9|          2|    1|          2|
    |empty_80_reg_299                                    |    9|          2|   32|         64|
    |empty_81_reg_308                                    |    9|          2|   32|         64|
    |empty_reg_236                                       |    9|          2|    1|          2|
    |grp_delete_patch_fu_511_index                       |   14|          3|    2|          6|
    |grp_getShadows_fu_493_wp_parameters_offset          |   14|          3|    1|          3|
    |grp_getShadows_fu_493_wp_superpoints_offset         |   14|          3|    1|          3|
    |grp_straightLineProjectorFromLayerIJtoK_fu_525_z_i  |   49|          9|   32|        288|
    |grp_straightLineProjectorFromLayerIJtoK_fu_525_z_j  |   20|          4|   32|        128|
    |horizontalOverlapBottom_V_fu_116                    |    9|          2|   32|         64|
    |horizontalOverlapTop_V_fu_120                       |    9|          2|   32|         64|
    |loopCounter_reg_433                                 |    9|          2|   32|         64|
    |n_patches_o                                         |   14|          3|    8|         24|
    |n_patches_o_ap_vld                                  |   14|          3|    1|          3|
    |newZtop_V_reg_397                                   |    9|          2|   32|         64|
    |original_topL_jL_V_reg_327                          |    9|          2|   32|         64|
    |original_topL_jR_V_1_reg_387                        |    9|          2|   32|         64|
    |original_topR_jL_V_1_reg_337                        |    9|          2|   32|         64|
    |original_topR_jR_V_1_reg_377                        |    9|          2|   32|         64|
    |output_patch_stream_V_write                         |    9|          2|    1|          2|
    |patches_parameters_address0                         |   59|         11|    7|         77|
    |patches_parameters_address1                         |   37|          7|    7|         49|
    |patches_parameters_ce0                              |   26|          5|    1|          5|
    |patches_parameters_ce1                              |   20|          4|    1|          4|
    |patches_parameters_d0                               |   20|          4|   32|        128|
    |patches_parameters_we0                              |   20|          4|    1|          4|
    |patches_parameters_we1                              |    9|          2|    1|          2|
    |patches_superpoints_address0                        |   20|          4|    8|         32|
    |patches_superpoints_address1                        |   14|          3|    8|         24|
    |patches_superpoints_ce0                             |   20|          4|    1|          4|
    |patches_superpoints_ce1                             |   14|          3|    1|          3|
    |patches_superpoints_d0                              |   14|          3|   64|        192|
    |patches_superpoints_we0                             |   14|          3|    1|          3|
    |patches_superpoints_we1                             |    9|          2|    1|          2|
    |phi_ln166_reg_445                                   |    9|          2|   32|         64|
    |ppl_assign_0_reg_289                                |    9|          2|   32|         64|
    |shifted_Align_2_reg_423                             |    9|          2|   64|        128|
    +----------------------------------------------------+-----+-----------+-----+-----------+
    |Total                                               | 1019|        213|  825|       2290|
    +----------------------------------------------------+-----+-----------+-----+-----------+

    * Register: 
    +-------------------------------------------------------------+----+----+-----+-----------+
    |                             Name                            | FF | LUT| Bits| Const Bits|
    +-------------------------------------------------------------+----+----+-----+-----------+
    |agg_tmp172_0_reg_455                                         |  32|   0|   32|          0|
    |and_ln1069_reg_1240                                          |   1|   0|    1|          0|
    |and_ln1079_reg_1322                                          |   1|   0|    1|          0|
    |and_ln1139_1_reg_1463                                        |   1|   0|    1|          0|
    |and_ln1139_2_reg_1459                                        |   1|   0|    1|          0|
    |and_ln1214_reg_1584                                          |   1|   0|    1|          0|
    |ap_CS_fsm                                                    |  79|   0|   79|          0|
    |complementary_topL_jL_V_1_reg_367                            |  32|   0|   32|          0|
    |complementary_topL_jL_V_3_reg_1531                           |  32|   0|   32|          0|
    |complementary_topL_jL_V_reg_1382                             |  32|   0|   32|          0|
    |complementary_topL_jR_V_3_reg_1331                           |  32|   0|   32|          0|
    |complementary_topL_jR_V_4_reg_1495                           |  32|   0|   32|          0|
    |complementary_topL_jR_V_reg_347                              |  32|   0|   32|          0|
    |complementary_topR_jL_V_1_reg_357                            |  32|   0|   32|          0|
    |complementary_topR_jL_V_3_reg_1525                           |  32|   0|   32|          0|
    |complementary_topR_jL_V_reg_1377                             |  32|   0|   32|          0|
    |complementary_topR_jR_V_3_reg_1313                           |  32|   0|   32|          0|
    |complementary_topR_jR_V_4_reg_1488                           |  32|   0|   32|          0|
    |complementary_topR_jR_V_reg_317                              |  32|   0|   32|          0|
    |empty_77_reg_248                                             |   1|   0|    1|          0|
    |empty_78_reg_263                                             |   1|   0|    1|          0|
    |empty_79_reg_275                                             |   1|   0|    1|          0|
    |empty_80_reg_299                                             |  32|   0|   32|          0|
    |empty_81_reg_308                                             |  32|   0|   32|          0|
    |empty_reg_236                                                |   1|   0|    1|          0|
    |grp_delete_patch_fu_511_ap_start_reg                         |   1|   0|    1|          0|
    |grp_getShadows_fu_493_ap_start_reg                           |   1|   0|    1|          0|
    |grp_makePatch_alignedToLine_fu_466_ap_start_reg              |   1|   0|    1|          0|
    |grp_straightLineProjectorFromLayerIJtoK_fu_525_ap_start_reg  |   1|   0|    1|          0|
    |horizontalOverlapBottom_V_1_reg_1576                         |  32|   0|   32|          0|
    |horizontalOverlapBottom_V_fu_116                             |  32|   0|   32|          0|
    |horizontalOverlapTop_V_1_reg_1571                            |  32|   0|   32|          0|
    |horizontalOverlapTop_V_fu_120                                |  32|   0|   32|          0|
    |horizontalShiftBottom_1_reg_1562                             |  32|   0|   32|          0|
    |horizontalShiftTop_1_reg_1547                                |  32|   0|   32|          0|
    |icmp_ln1066_reg_1199                                         |   1|   0|    1|          0|
    |icmp_ln1216_reg_1588                                         |   1|   0|    1|          0|
    |icmp_ln878_2_reg_1304                                        |   1|   0|    1|          0|
    |icmp_ln878_4_reg_1344                                        |   1|   0|    1|          0|
    |icmp_ln878_6_reg_1567                                        |   1|   0|    1|          0|
    |icmp_ln886_2_reg_1300                                        |   1|   0|    1|          0|
    |icmp_ln886_4_reg_1340                                        |   1|   0|    1|          0|
    |icmp_ln886_5_reg_1387                                        |   1|   0|    1|          0|
    |lnot_reg_1433                                                |   1|   0|    1|          0|
    |loopCounter_2_reg_1454                                       |  32|   0|   32|          0|
    |loopCounter_reg_433                                          |  32|   0|   32|          0|
    |makeHorizontallyShiftedPatch_reg_409                         |   1|   0|    1|          0|
    |newZtop_V_1_reg_1438                                         |  32|   0|   32|          0|
    |newZtop_V_reg_397                                            |  32|   0|   32|          0|
    |or_ln1139_1_reg_1450                                         |   1|   0|    1|          0|
    |or_ln1139_2_reg_1372                                         |   1|   0|    1|          0|
    |or_ln1139_reg_1367                                           |   1|   0|    1|          0|
    |original_topL_jL_V_3_reg_1292                                |  32|   0|   32|          0|
    |original_topL_jL_V_4_reg_1515                                |  32|   0|   32|          0|
    |original_topL_jL_V_reg_327                                   |  32|   0|   32|          0|
    |original_topL_jR_V_1_reg_387                                 |  32|   0|   32|          0|
    |original_topL_jR_V_3_reg_1509                                |  32|   0|   32|          0|
    |original_topR_jL_V_1_reg_337                                 |  32|   0|   32|          0|
    |original_topR_jL_V_3_reg_1520                                |  32|   0|   32|          0|
    |original_topR_jL_V_reg_1233                                  |  32|   0|   32|          0|
    |original_topR_jR_V_1_reg_377                                 |  32|   0|   32|          0|
    |original_topR_jR_V_3_reg_1502                                |  32|   0|   32|          0|
    |patches_parameters_addr_14_reg_1277                          |   2|   0|    7|          5|
    |patches_parameters_addr_15_reg_1282                          |   2|   0|    7|          5|
    |patches_parameters_addr_9_reg_1272                           |   2|   0|    7|          5|
    |phi_ln166_reg_445                                            |  32|   0|   32|          0|
    |ppl_assign1_reg_1483                                         |  32|   0|   32|          0|
    |ppl_assign_0_reg_289                                         |  32|   0|   32|          0|
    |reg_557                                                      |  32|   0|   32|          0|
    |reg_561                                                      |   8|   0|    8|          0|
    |select_ln534_reg_1467                                        |  32|   0|   32|          0|
    |sext_ln215_17_reg_1537                                       |  33|   0|   33|          0|
    |sext_ln215_18_reg_1542                                       |  33|   0|   33|          0|
    |sext_ln215_19_reg_1552                                       |  33|   0|   33|          0|
    |sext_ln215_20_reg_1557                                       |  33|   0|   33|          0|
    |shiftOriginal_1_reg_1419                                     |   1|   0|    1|          0|
    |shifted_Align_2_reg_423                                      |  64|   0|   64|          0|
    |shifted_Align_5_reg_1472                                     |  64|   0|   64|          0|
    |trunc_ln1107_1_reg_1477                                      |  32|   0|   32|          0|
    +-------------------------------------------------------------+----+----+-----+-----------+
    |Total                                                        |1692|   0| 1707|         15|
    +-------------------------------------------------------------+----+----+-----+-----------+



================================================================
== Interface
================================================================
* Summary: 
+---------------------------------------------------------+-----+-----+------------+-----------------------+--------------+
|                        RTL Ports                        | Dir | Bits|  Protocol  |     Source Object     |    C Type    |
+---------------------------------------------------------+-----+-----+------------+-----------------------+--------------+
|ap_clk                                                   |   in|    1|  ap_ctrl_hs|         makeThirdPatch|  return value|
|ap_rst                                                   |   in|    1|  ap_ctrl_hs|         makeThirdPatch|  return value|
|ap_start                                                 |   in|    1|  ap_ctrl_hs|         makeThirdPatch|  return value|
|ap_done                                                  |  out|    1|  ap_ctrl_hs|         makeThirdPatch|  return value|
|ap_idle                                                  |  out|    1|  ap_ctrl_hs|         makeThirdPatch|  return value|
|ap_ready                                                 |  out|    1|  ap_ctrl_hs|         makeThirdPatch|  return value|
|grp_straightLineProjectorFromLayerIJtoK_fu_1072_p_din1   |  out|   32|  ap_ctrl_hs|         makeThirdPatch|  return value|
|grp_straightLineProjectorFromLayerIJtoK_fu_1072_p_din2   |  out|   32|  ap_ctrl_hs|         makeThirdPatch|  return value|
|grp_straightLineProjectorFromLayerIJtoK_fu_1072_p_din3   |  out|    3|  ap_ctrl_hs|         makeThirdPatch|  return value|
|grp_straightLineProjectorFromLayerIJtoK_fu_1072_p_din4   |  out|    3|  ap_ctrl_hs|         makeThirdPatch|  return value|
|grp_straightLineProjectorFromLayerIJtoK_fu_1072_p_din5   |  out|    3|  ap_ctrl_hs|         makeThirdPatch|  return value|
|grp_straightLineProjectorFromLayerIJtoK_fu_1072_p_dout0  |   in|   32|  ap_ctrl_hs|         makeThirdPatch|  return value|
|grp_straightLineProjectorFromLayerIJtoK_fu_1072_p_ce     |  out|    1|  ap_ctrl_hs|         makeThirdPatch|  return value|
|grp_straightLineProjectorFromLayerIJtoK_fu_1072_p_start  |  out|    1|  ap_ctrl_hs|         makeThirdPatch|  return value|
|grp_straightLineProjectorFromLayerIJtoK_fu_1072_p_ready  |   in|    1|  ap_ctrl_hs|         makeThirdPatch|  return value|
|grp_straightLineProjectorFromLayerIJtoK_fu_1072_p_done   |   in|    1|  ap_ctrl_hs|         makeThirdPatch|  return value|
|grp_straightLineProjectorFromLayerIJtoK_fu_1072_p_idle   |   in|    1|  ap_ctrl_hs|         makeThirdPatch|  return value|
|n_patches_i                                              |   in|    8|     ap_ovld|              n_patches|       pointer|
|n_patches_o                                              |  out|    8|     ap_ovld|              n_patches|       pointer|
|n_patches_o_ap_vld                                       |  out|    1|     ap_ovld|              n_patches|       pointer|
|GDn_points_address0                                      |  out|    3|   ap_memory|             GDn_points|         array|
|GDn_points_ce0                                           |  out|    1|   ap_memory|             GDn_points|         array|
|GDn_points_q0                                            |   in|   32|   ap_memory|             GDn_points|         array|
|output_patch_stream_V_din                                |  out|   64|     ap_fifo|  output_patch_stream_V|       pointer|
|output_patch_stream_V_full_n                             |   in|    1|     ap_fifo|  output_patch_stream_V|       pointer|
|output_patch_stream_V_write                              |  out|    1|     ap_fifo|  output_patch_stream_V|       pointer|
|lastPatchIndex                                           |   in|    8|     ap_none|         lastPatchIndex|        scalar|
|z_top_min                                                |   in|   32|     ap_none|              z_top_min|        scalar|
|z_top_max                                                |   in|   32|     ap_none|              z_top_max|        scalar|
|complementary_apexZ0                                     |   in|   32|     ap_none|   complementary_apexZ0|        scalar|
|apexZ0                                                   |   in|   32|     ap_none|                 apexZ0|        scalar|
|ppl                                                      |   in|   32|     ap_none|                    ppl|        scalar|
|GDarrayDecoded_address0                                  |  out|   12|   ap_memory|         GDarrayDecoded|         array|
|GDarrayDecoded_ce0                                       |  out|    1|   ap_memory|         GDarrayDecoded|         array|
|GDarrayDecoded_q0                                        |   in|   32|   ap_memory|         GDarrayDecoded|         array|
|patches_superpoints_address0                             |  out|    8|   ap_memory|    patches_superpoints|         array|
|patches_superpoints_ce0                                  |  out|    1|   ap_memory|    patches_superpoints|         array|
|patches_superpoints_we0                                  |  out|    1|   ap_memory|    patches_superpoints|         array|
|patches_superpoints_d0                                   |  out|   64|   ap_memory|    patches_superpoints|         array|
|patches_superpoints_q0                                   |   in|   64|   ap_memory|    patches_superpoints|         array|
|patches_superpoints_address1                             |  out|    8|   ap_memory|    patches_superpoints|         array|
|patches_superpoints_ce1                                  |  out|    1|   ap_memory|    patches_superpoints|         array|
|patches_superpoints_we1                                  |  out|    1|   ap_memory|    patches_superpoints|         array|
|patches_superpoints_d1                                   |  out|   64|   ap_memory|    patches_superpoints|         array|
|patches_superpoints_q1                                   |   in|   64|   ap_memory|    patches_superpoints|         array|
|patches_parameters_address0                              |  out|    7|   ap_memory|     patches_parameters|         array|
|patches_parameters_ce0                                   |  out|    1|   ap_memory|     patches_parameters|         array|
|patches_parameters_we0                                   |  out|    1|   ap_memory|     patches_parameters|         array|
|patches_parameters_d0                                    |  out|   32|   ap_memory|     patches_parameters|         array|
|patches_parameters_q0                                    |   in|   32|   ap_memory|     patches_parameters|         array|
|patches_parameters_address1                              |  out|    7|   ap_memory|     patches_parameters|         array|
|patches_parameters_ce1                                   |  out|    1|   ap_memory|     patches_parameters|         array|
|patches_parameters_we1                                   |  out|    1|   ap_memory|     patches_parameters|         array|
|patches_parameters_d1                                    |  out|   32|   ap_memory|     patches_parameters|         array|
|patches_parameters_q1                                    |   in|   32|   ap_memory|     patches_parameters|         array|
+---------------------------------------------------------+-----+-----+------------+-----------------------+--------------+

