

================================================================
== Vitis HLS Report for 'straightLineProjectorFromLayerIJtoK'
================================================================
* Date:           Sat Aug  3 00:46:37 2024

* Version:        2020.2 (Build 3064766 on Wed Nov 18 09:12:45 MST 2020)
* Project:        PatchMaker_tanishGit
* Solution:       solutionSC4 (Vivado IP Flow Target)
* Product family: virtexuplus
* Target device:  xcvu19p-fsvb3824-2-e


================================================================
== Performance Estimates
================================================================
+ Timing: 
    * Summary: 
    +--------+---------+----------+------------+
    |  Clock |  Target | Estimated| Uncertainty|
    +--------+---------+----------+------------+
    |ap_clk  |  3.00 ns|  2.100 ns|     0.81 ns|
    +--------+---------+----------+------------+

+ Latency: 
    * Summary: 
    +---------+---------+----------+----------+-----+-----+---------+
    |  Latency (cycles) |  Latency (absolute) |  Interval | Pipeline|
    |   min   |   max   |    min   |    max   | min | max |   Type  |
    +---------+---------+----------+----------+-----+-----+---------+
    |       44|       44|  0.132 us|  0.132 us|    1|    1|      yes|
    +---------+---------+----------+----------+-----+-----+---------+

    + Detail: 
        * Instance: 
        N/A

        * Loop: 
        N/A



================================================================
== Utilization Estimates
================================================================
* Summary: 
+---------------------+---------+------+---------+---------+-----+
|         Name        | BRAM_18K|  DSP |    FF   |   LUT   | URAM|
+---------------------+---------+------+---------+---------+-----+
|DSP                  |        -|     -|        -|        -|    -|
|Expression           |        -|     -|        0|      103|    -|
|FIFO                 |        -|     -|        -|        -|    -|
|Instance             |        -|     0|     3208|     2369|    -|
|Memory               |        -|     -|        -|        -|    -|
|Multiplexer          |        -|     -|        -|        9|    -|
|Register             |        -|     -|      344|       64|    -|
+---------------------+---------+------+---------+---------+-----+
|Total                |        0|     0|     3552|     2545|    0|
+---------------------+---------+------+---------+---------+-----+
|Available SLR        |     1080|   960|  2042880|  1021440|   80|
+---------------------+---------+------+---------+---------+-----+
|Utilization SLR (%)  |        0|     0|       ~0|       ~0|    0|
+---------------------+---------+------+---------+---------+-----+
|Available            |     4320|  3840|  8171520|  4085760|  320|
+---------------------+---------+------+---------+---------+-----+
|Utilization (%)      |        0|     0|       ~0|       ~0|    0|
+---------------------+---------+------+---------+---------+-----+

+ Detail: 
    * Instance: 
    +-------------------------+----------------------+---------+----+------+------+-----+
    |         Instance        |        Module        | BRAM_18K| DSP|  FF  |  LUT | URAM|
    +-------------------------+----------------------+---------+----+------+------+-----+
    |mul_33s_4s_37_3_0_U3     |mul_33s_4s_37_3_0     |        0|   0|   170|    51|    0|
    |sdiv_37ns_4s_32_41_0_U4  |sdiv_37ns_4s_32_41_0  |        0|   0|  3038|  2318|    0|
    +-------------------------+----------------------+---------+----+------+------+-----+
    |Total                    |                      |        0|   0|  3208|  2369|    0|
    +-------------------------+----------------------+---------+----+------+------+-----+

    * DSP: 
    N/A

    * Memory: 
    N/A

    * FIFO: 
    N/A

    * Expression: 
    +----------------------+----------+----+---+----+------------+------------+
    |     Variable Name    | Operation| DSP| FF| LUT| Bitwidth P0| Bitwidth P1|
    +----------------------+----------+----+---+----+------------+------------+
    |add_ln69_fu_106_p2    |         +|   0|  0|  39|          32|          32|
    |ret_fu_64_p2          |         -|   0|  0|  40|          33|          33|
    |sub_ln241_1_fu_76_p2  |         -|   0|  0|  12|           4|           4|
    |sub_ln241_fu_70_p2    |         -|   0|  0|  12|           4|           4|
    +----------------------+----------+----+---+----+------------+------------+
    |Total                 |          |   0|  0| 103|          73|          73|
    +----------------------+----------+----+---+----+------------+------------+

    * Multiplexer: 
    +-----------+----+-----------+-----+-----------+
    |    Name   | LUT| Input Size| Bits| Total Bits|
    +-----------+----+-----------+-----+-----------+
    |ap_return  |   9|          2|   32|         64|
    +-----------+----+-----------+-----+-----------+
    |Total      |   9|          2|   32|         64|
    +-----------+----+-----------+-----+-----------+

    * Register: 
    +---------------------+----+----+-----+-----------+
    |         Name        | FF | LUT| Bits| Const Bits|
    +---------------------+----+----+-----+-----------+
    |ap_ce_reg            |   1|   0|    1|          0|
    |ap_return_int_reg    |  32|   0|   32|          0|
    |i_int_reg            |   3|   0|    3|          0|
    |j_int_reg            |   3|   0|    3|          0|
    |k_int_reg            |   3|   0|    3|          0|
    |mul_ln1364_reg_141   |  37|   0|   37|          0|
    |ret_reg_116          |  33|   0|   33|          0|
    |sub_ln241_1_reg_126  |   4|   0|    4|          0|
    |sub_ln241_reg_121    |   4|   0|    4|          0|
    |z_i_int_reg          |  32|   0|   32|          0|
    |z_i_read_reg_111     |  32|   0|   32|          0|
    |z_j_int_reg          |  32|   0|   32|          0|
    |sub_ln241_1_reg_126  |  64|  32|    4|          0|
    |z_i_read_reg_111     |  64|  32|   32|          0|
    +---------------------+----+----+-----+-----------+
    |Total                | 344|  64|  252|          0|
    +---------------------+----+----+-----+-----------+



================================================================
== Interface
================================================================
* Summary: 
+-----------+-----+-----+------------+-------------------------------------+--------------+
| RTL Ports | Dir | Bits|  Protocol  |            Source Object            |    C Type    |
+-----------+-----+-----+------------+-------------------------------------+--------------+
|ap_clk     |   in|    1|  ap_ctrl_hs|  straightLineProjectorFromLayerIJtoK|  return value|
|ap_rst     |   in|    1|  ap_ctrl_hs|  straightLineProjectorFromLayerIJtoK|  return value|
|ap_return  |  out|   32|  ap_ctrl_hs|  straightLineProjectorFromLayerIJtoK|  return value|
|ap_ce      |   in|    1|  ap_ctrl_hs|  straightLineProjectorFromLayerIJtoK|  return value|
|z_i        |   in|   32|     ap_none|                                  z_i|        scalar|
|z_j        |   in|   32|     ap_none|                                  z_j|        scalar|
|i          |   in|    3|     ap_none|                                    i|        scalar|
|j          |   in|    3|     ap_none|                                    j|        scalar|
|k          |   in|    3|     ap_none|                                    k|        scalar|
+-----------+-----+-----+------------+-------------------------------------+--------------+

