

================================================================
== Synthesis Summary Report of 'MPSQ'
================================================================
+ General Information: 
    * Date:           Sun Jul 28 18:55:06 2024
    * Version:        2020.2 (Build 3064766 on Wed Nov 18 09:12:45 MST 2020)
    * Project:        PatchMaker_tanishGit
    * Solution:       solutionSC3 (Vivado IP Flow Target)
    * Product family: virtexuplus
    * Target device:  xcvu19p-fsvb3824-2-e
    

+ Performance & Resource Estimates: 
    
    PS: '+' for module; 'o' for loop; '*' for dataflow
    +--------------------------------------------------------------------------------------------------------------------------------------------------------+--------+-------+---------+-----------+----------+---------+------+----------+---------+---------+-------------+-------------+-----+
    |                                                                         Modules                                                                        |  Issue |       | Latency |  Latency  | Iteration|         | Trip |          |         |         |             |             |     |
    |                                                                         & Loops                                                                        |  Type  | Slack | (cycles)|    (ns)   |  Latency | Interval| Count| Pipelined|  BRAM   |   DSP   |      FF     |     LUT     | URAM|
    +--------------------------------------------------------------------------------------------------------------------------------------------------------+--------+-------+---------+-----------+----------+---------+------+----------+---------+---------+-------------+-------------+-----+
    |+ MPSQ                                                                                                                                                  |  Timing|   0.00|        -|          -|         -|        -|     -|        no|  9 (~0%)|  2 (~0%)|  31099 (~0%)|   44451 (1%)|    -|
    | + grp_solveNextColumn_fu_336                                                                                                                           |  Timing|   0.00|        -|          -|         -|        -|     -|        no|  9 (~0%)|  2 (~0%)|  30301 (~0%)|   42807 (1%)|    -|
    |  + grp_solveNextPatchPair_fu_190                                                                                                                       |  Timing|   0.00|        -|          -|         -|        -|     -|        no|  9 (~0%)|  2 (~0%)|  29267 (~0%)|   41962 (1%)|    -|
    |   + grp_makeThirdPatch_fu_481                                                                                                                          |  Timing|   0.00|        -|          -|         -|        -|     -|        no|  3 (~0%)|        -|  10321 (~0%)|  14957 (~0%)|    -|
    |    + grp_makePatch_alignedToLine_fu_494                                                                                                                |  Timing|   0.00|        -|          -|         -|        -|     -|        no|  3 (~0%)|        -|   6355 (~0%)|   9308 (~0%)|    -|
    |     + grp_wedgePatch_init_fu_404                                                                                                                       |  Timing|   0.00|        -|          -|         -|        -|     -|        no|        -|        -|   3307 (~0%)|   3861 (~0%)|    -|
    |      + grp_getParallelograms_fu_239                                                                                                                    |  Timing|   0.00|       55|    165.000|         -|       55|     -|        no|        -|        -|   2781 (~0%)|   2455 (~0%)|    -|
    |       + grp_straightLineProjectorFromLayerIJtoK_fu_202                                                                                                 |      II|  -0.09|        6|     18.000|         -|        1|     -|       yes|        -|        -|    602 (~0%)|    457 (~0%)|    -|
    |       + grp_straightLineProjectorFromLayerIJtoK_fu_215                                                                                                 |      II|  -0.09|        6|     18.000|         -|        1|     -|       yes|        -|        -|    602 (~0%)|    457 (~0%)|    -|
    |       + grp_straightLineProjectorFromLayerIJtoK_fu_228                                                                                                 |      II|  -0.09|        6|     18.000|         -|        1|     -|       yes|        -|        -|    602 (~0%)|    457 (~0%)|    -|
    |       + grp_straightLineProjectorFromLayerIJtoK_fu_241                                                                                                 |      II|  -0.09|        6|     18.000|         -|        1|     -|       yes|        -|        -|    602 (~0%)|    457 (~0%)|    -|
    |       o getParallelograms_settingWPparameters                                                                                                          |       -|  -2.19|       52|    156.000|        13|        -|     4|        no|        -|        -|            -|            -|    -|
    |      + grp_get_acceptanceCorners_fu_249                                                                                                                |       -|  -0.13|        -|          -|         -|        -|     -|        no|        -|        -|    354 (~0%)|    858 (~0%)|    -|
    |       o get_acceptanceCorners_minMaxFinding                                                                                                            |      II|  -2.19|        -|          -|         3|        2|     -|       yes|        -|        -|            -|            -|    -|
    |      o wedgePatch_init_perSuperpoint_wedgePatch_init_perPoint_wedgePatch_init_perParameter                                                             |       -|  -2.19|      163|    489.000|         5|        1|   160|       yes|        -|        -|            -|            -|    -|
    |     + grp_makeSuperPoint_alignedToLine11_fu_414                                                                                                        |       -|  -0.06|        -|          -|         -|        -|     -|        no|  1 (~0%)|        -|   2054 (~0%)|   2740 (~0%)|    -|
    |      + grp_mSP_findLRBounds_fu_282                                                                                                                     |       -|  -0.19|        -|          -|         -|        -|     -|        no|        -|        -|    549 (~0%)|    735 (~0%)|    -|
    |       o mSP_findLRBounds_LRdiscovery                                                                                                                   |       -|  -2.19|        -|          -|         4|        1|     -|       yes|        -|        -|            -|            -|    -|
    |      + grp_mSP_findStartIndex_fu_292                                                                                                                   |       -|  -0.06|        -|          -|         -|        -|     -|        no|        -|        -|    402 (~0%)|    587 (~0%)|    -|
    |       o mSP_findStartIndex_startValue                                                                                                                  |      II|  -2.19|        -|          -|         4|        2|     -|       yes|        -|        -|            -|            -|    -|
    |      o makeSuperPoint_alignedToLine_rowListSet_loop                                                                                                    |       -|  -2.19|        -|          -|         4|        1|     -|       yes|        -|        -|            -|            -|    -|
    |      o makeSuperPoint_alignedToLine_initSP_perPoint_makeSuperPoint_alignedToLine_initSP_perParameter                                                   |       -|  -2.19|       35|    105.000|         5|        1|    32|       yes|        -|        -|            -|            -|    -|
    |     + grp_add_patch9_fu_433                                                                                                                            |       -|  -0.09|        -|          -|         -|        -|     -|        no|        -|        -|    779 (~0%)|   1574 (~0%)|    -|
    |      + grp_encodeCoordinates_fu_494                                                                                                                    |      II|  -2.19|        0|      0.000|         -|        1|     -|       yes|        -|        -|            -|            -|    -|
    |      o add_patch_perSuperpointSP0_add_patch_perPointSP0                                                                                                |       -|  -2.19|       82|    246.000|         4|        1|    80|       yes|        -|        -|            -|            -|    -|
    |      o add_patch_perPropertyTypePP0_add_patch_perParallelogramPP0_add_patch_perPropertyLengthPP0                                                       |       -|  -2.19|      122|    366.000|         4|        1|   120|       yes|        -|        -|            -|            -|    -|
    |      o add_patch_checkDiff                                                                                                                             |      II|  -2.19|        -|          -|         6|        6|     -|       yes|        -|        -|            -|            -|    -|
    |      o add_patch_perSuperpointSP1_add_patch_perPointSP1                                                                                                |       -|  -2.19|       82|    246.000|         4|        1|    80|       yes|        -|        -|            -|            -|    -|
    |      o add_patch_perPropertyTypePP1_add_patch_perParallelogramPP1_add_patch_perPropertyLengthPP1                                                       |       -|  -2.19|      122|    366.000|         4|        1|   120|       yes|        -|        -|            -|            -|    -|
    |     o makePatch_alignedToLine_initPatch_perLayer_makePatch_alignedToLine_initPatch_perPoint_makePatch_alignedToLine_initPatch_perParameter             |       -|  -2.19|      161|    483.000|         3|        1|   160|       yes|        -|        -|            -|            -|    -|
    |     o makePatch_alignedToLine_makeSuperpoint_loop                                                                                                      |       -|  -2.19|        -|          -|         -|        -|     -|        no|        -|        -|            -|            -|    -|
    |     o makePatch_alignedToLine_initSP_perSuperpoint_makePatch_alignedToLine_initSP_perPoint_makePatch_alignedToLine_initSP_perParameter                 |       -|  -2.19|      161|    483.000|         3|        1|   160|       yes|        -|        -|            -|            -|    -|
    |     o makePatch_alignedToLine_initPP_perPropertyType_makePatch_alignedToLine_initPP_perParallelogram_makePatch_alignedToLine_initPP_perPropertyLength  |       -|  -2.19|      120|    360.000|         2|        1|   120|       yes|        -|        -|            -|            -|    -|
    |    + grp_getShadows_fu_517                                                                                                                             |  Timing|   0.00|      154|    462.000|         -|      154|     -|        no|        -|        -|   1526 (~0%)|   1322 (~0%)|    -|
    |     + grp_straightLineProjectorFromLayerIJtoK_fu_245                                                                                                   |      II|  -0.09|        6|     18.000|         -|        1|     -|       yes|        -|        -|    602 (~0%)|    457 (~0%)|    -|
    |     o getShadows_settingtopArrays                                                                                                                      |       -|  -2.19|      112|    336.000|        28|        -|     4|        no|        -|        -|            -|            -|    -|
    |     o getShadows_maxFinding_loop                                                                                                                       |       -|  -2.19|       39|    117.000|        13|        -|     3|        no|        -|        -|            -|            -|    -|
    |    + grp_delete_patch_fu_533                                                                                                                           |       -|  -0.00|        -|          -|         -|        -|     -|        no|        -|        -|    585 (~0%)|   1152 (~0%)|    -|
    |     o delete_patch_perPatch                                                                                                                            |       -|  -2.19|        -|          -|       211|        -|     -|        no|        -|        -|            -|            -|    -|
    |      o delete_patch_perSuperpointSP_delete_patch_perPointSP                                                                                            |       -|  -2.19|       83|    249.000|         5|        1|    80|       yes|        -|        -|            -|            -|    -|
    |      o delete_patch_perPropertyTypePP_delete_patch_perParallelogramPP_delete_patch_perPropertyLengthPP                                                 |       -|  -2.19|      123|    369.000|         5|        1|   120|       yes|        -|        -|            -|            -|    -|
    |     o Loop 2                                                                                                                                           |       -|  -2.19|       80|    240.000|         2|        1|    80|       yes|        -|        -|            -|            -|    -|
    |     o Loop 3                                                                                                                                           |       -|  -2.19|      120|    360.000|         2|        1|   120|       yes|        -|        -|            -|            -|    -|
    |    + grp_straightLineProjectorFromLayerIJtoK_fu_545                                                                                                    |      II|  -0.09|        6|     18.000|         -|        1|     -|       yes|        -|        -|    602 (~0%)|    457 (~0%)|    -|
    |    o thirdPatch_loop                                                                                                                                   |       -|  -2.19|        -|          -|         -|        -|     -|        no|        -|        -|            -|            -|    -|
    |   + grp_solveComplmentaryPatch_fu_508                                                                                                                  |  Timing|   0.00|        -|          -|         -|        -|     -|        no|  3 (~0%)|        -|   9630 (~0%)|  14166 (~0%)|    -|
    |    + grp_makePatch_alignedToLine_fu_649                                                                                                                |  Timing|   0.00|        -|          -|         -|        -|     -|        no|  3 (~0%)|        -|   6355 (~0%)|   9308 (~0%)|    -|
    |     + grp_wedgePatch_init_fu_404                                                                                                                       |  Timing|   0.00|        -|          -|         -|        -|     -|        no|        -|        -|   3307 (~0%)|   3861 (~0%)|    -|
    |      + grp_getParallelograms_fu_239                                                                                                                    |  Timing|   0.00|       55|    165.000|         -|       55|     -|        no|        -|        -|   2781 (~0%)|   2455 (~0%)|    -|
    |       + grp_straightLineProjectorFromLayerIJtoK_fu_202                                                                                                 |      II|  -0.09|        6|     18.000|         -|        1|     -|       yes|        -|        -|    602 (~0%)|    457 (~0%)|    -|
    |       + grp_straightLineProjectorFromLayerIJtoK_fu_215                                                                                                 |      II|  -0.09|        6|     18.000|         -|        1|     -|       yes|        -|        -|    602 (~0%)|    457 (~0%)|    -|
    |       + grp_straightLineProjectorFromLayerIJtoK_fu_228                                                                                                 |      II|  -0.09|        6|     18.000|         -|        1|     -|       yes|        -|        -|    602 (~0%)|    457 (~0%)|    -|
    |       + grp_straightLineProjectorFromLayerIJtoK_fu_241                                                                                                 |      II|  -0.09|        6|     18.000|         -|        1|     -|       yes|        -|        -|    602 (~0%)|    457 (~0%)|    -|
    |       o getParallelograms_settingWPparameters                                                                                                          |       -|  -2.19|       52|    156.000|        13|        -|     4|        no|        -|        -|            -|            -|    -|
    |      + grp_get_acceptanceCorners_fu_249                                                                                                                |       -|  -0.13|        -|          -|         -|        -|     -|        no|        -|        -|    354 (~0%)|    858 (~0%)|    -|
    |       o get_acceptanceCorners_minMaxFinding                                                                                                            |      II|  -2.19|        -|          -|         3|        2|     -|       yes|        -|        -|            -|            -|    -|
    |      o wedgePatch_init_perSuperpoint_wedgePatch_init_perPoint_wedgePatch_init_perParameter                                                             |       -|  -2.19|      163|    489.000|         5|        1|   160|       yes|        -|        -|            -|            -|    -|
    |     + grp_makeSuperPoint_alignedToLine11_fu_414                                                                                                        |       -|  -0.06|        -|          -|         -|        -|     -|        no|  1 (~0%)|        -|   2054 (~0%)|   2740 (~0%)|    -|
    |      + grp_mSP_findLRBounds_fu_282                                                                                                                     |       -|  -0.19|        -|          -|         -|        -|     -|        no|        -|        -|    549 (~0%)|    735 (~0%)|    -|
    |       o mSP_findLRBounds_LRdiscovery                                                                                                                   |       -|  -2.19|        -|          -|         4|        1|     -|       yes|        -|        -|            -|            -|    -|
    |      + grp_mSP_findStartIndex_fu_292                                                                                                                   |       -|  -0.06|        -|          -|         -|        -|     -|        no|        -|        -|    402 (~0%)|    587 (~0%)|    -|
    |       o mSP_findStartIndex_startValue                                                                                                                  |      II|  -2.19|        -|          -|         4|        2|     -|       yes|        -|        -|            -|            -|    -|
    |      o makeSuperPoint_alignedToLine_rowListSet_loop                                                                                                    |       -|  -2.19|        -|          -|         4|        1|     -|       yes|        -|        -|            -|            -|    -|
    |      o makeSuperPoint_alignedToLine_initSP_perPoint_makeSuperPoint_alignedToLine_initSP_perParameter                                                   |       -|  -2.19|       35|    105.000|         5|        1|    32|       yes|        -|        -|            -|            -|    -|
    |     + grp_add_patch9_fu_433                                                                                                                            |       -|  -0.09|        -|          -|         -|        -|     -|        no|        -|        -|    779 (~0%)|   1574 (~0%)|    -|
    |      + grp_encodeCoordinates_fu_494                                                                                                                    |      II|  -2.19|        0|      0.000|         -|        1|     -|       yes|        -|        -|            -|            -|    -|
    |      o add_patch_perSuperpointSP0_add_patch_perPointSP0                                                                                                |       -|  -2.19|       82|    246.000|         4|        1|    80|       yes|        -|        -|            -|            -|    -|
    |      o add_patch_perPropertyTypePP0_add_patch_perParallelogramPP0_add_patch_perPropertyLengthPP0                                                       |       -|  -2.19|      122|    366.000|         4|        1|   120|       yes|        -|        -|            -|            -|    -|
    |      o add_patch_checkDiff                                                                                                                             |      II|  -2.19|        -|          -|         6|        6|     -|       yes|        -|        -|            -|            -|    -|
    |      o add_patch_perSuperpointSP1_add_patch_perPointSP1                                                                                                |       -|  -2.19|       82|    246.000|         4|        1|    80|       yes|        -|        -|            -|            -|    -|
    |      o add_patch_perPropertyTypePP1_add_patch_perParallelogramPP1_add_patch_perPropertyLengthPP1                                                       |       -|  -2.19|      122|    366.000|         4|        1|   120|       yes|        -|        -|            -|            -|    -|
    |     o makePatch_alignedToLine_initPatch_perLayer_makePatch_alignedToLine_initPatch_perPoint_makePatch_alignedToLine_initPatch_perParameter             |       -|  -2.19|      161|    483.000|         3|        1|   160|       yes|        -|        -|            -|            -|    -|
    |     o makePatch_alignedToLine_makeSuperpoint_loop                                                                                                      |       -|  -2.19|        -|          -|         -|        -|     -|        no|        -|        -|            -|            -|    -|
    |     o makePatch_alignedToLine_initSP_perSuperpoint_makePatch_alignedToLine_initSP_perPoint_makePatch_alignedToLine_initSP_perParameter                 |       -|  -2.19|      161|    483.000|         3|        1|   160|       yes|        -|        -|            -|            -|    -|
    |     o makePatch_alignedToLine_initPP_perPropertyType_makePatch_alignedToLine_initPP_perParallelogram_makePatch_alignedToLine_initPP_perPropertyLength  |       -|  -2.19|      120|    360.000|         2|        1|   120|       yes|        -|        -|            -|            -|    -|
    |    + grp_delete_patch_fu_672                                                                                                                           |       -|  -0.00|        -|          -|         -|        -|     -|        no|        -|        -|    585 (~0%)|   1152 (~0%)|    -|
    |     o delete_patch_perPatch                                                                                                                            |       -|  -2.19|        -|          -|       211|        -|     -|        no|        -|        -|            -|            -|    -|
    |      o delete_patch_perSuperpointSP_delete_patch_perPointSP                                                                                            |       -|  -2.19|       83|    249.000|         5|        1|    80|       yes|        -|        -|            -|            -|    -|
    |      o delete_patch_perPropertyTypePP_delete_patch_perParallelogramPP_delete_patch_perPropertyLengthPP                                                 |       -|  -2.19|      123|    369.000|         5|        1|   120|       yes|        -|        -|            -|            -|    -|
    |     o Loop 2                                                                                                                                           |       -|  -2.19|       80|    240.000|         2|        1|    80|       yes|        -|        -|            -|            -|    -|
    |     o Loop 3                                                                                                                                           |       -|  -2.19|      120|    360.000|         2|        1|   120|       yes|        -|        -|            -|            -|    -|
    |    + grp_straightLineProjectorFromLayerIJtoK_fu_684                                                                                                    |      II|  -0.09|        6|     18.000|         -|        1|     -|       yes|        -|        -|    602 (~0%)|    457 (~0%)|    -|
    |    + grp_get_index_from_z_fu_698                                                                                                                       |       -|  -0.19|        -|          -|         -|        -|     -|        no|        -|        -|    355 (~0%)|    411 (~0%)|    -|
    |     o getIndexFromZ_perPoint                                                                                                                           |       -|  -2.19|        -|          -|         4|        1|     -|       yes|        -|        -|            -|            -|    -|
    |    + grp_areWedgeSuperPointsEqual_fu_712                                                                                                               |      II|  -0.54|        4|     12.000|         -|        2|     -|       yes|        -|        -|    166 (~0%)|    193 (~0%)|    -|
    |    o solveComplmentaryPatch_fillCurrent_z_i_index                                                                                                      |       -|  -2.19|        -|          -|         -|        -|     -|        no|        -|        -|            -|            -|    -|
    |    o solveComplmentaryPatch_fillNew_z_i_index0                                                                                                         |       -|  -2.19|        5|     15.000|         2|        1|     5|       yes|        -|        -|            -|            -|    -|
    |    o solveComplmentaryPatch_fillNew_z_i_index1                                                                                                         |       -|  -2.19|        5|     15.000|         2|        1|     5|       yes|        -|        -|            -|            -|    -|
    |    o solveComplmentaryPatch_fillNew_z_i_index2                                                                                                         |       -|  -2.19|        5|     15.000|         2|        1|     5|       yes|        -|        -|            -|            -|    -|
    |    o solveComplmentaryPatch_fillNew_z_i_index3                                                                                                         |       -|  -2.19|        6|     18.000|         3|        1|     5|       yes|        -|        -|            -|            -|    -|
    |    o solveComplmentaryPatch_fillNew_z_i_index5                                                                                                         |       -|  -2.19|        8|     24.000|         5|        1|     5|       yes|        -|        -|            -|            -|    -|
    |    o solveComplmentaryPatch_fillNew_z_i_atTop                                                                                                          |       -|  -2.19|       11|     33.000|         9|        1|     4|       yes|        -|        -|            -|            -|    -|
    |    o solveComplmentaryPatch_findlayerWithSmallestShift                                                                                                 |       -|  -2.19|        5|     15.000|         3|        1|     4|       yes|        -|        -|            -|            -|    -|
    |    o solveComplmentaryPatch_superpointEqualCheck_2                                                                                                     |      II|  -2.19|       35|    105.000|         6|        6|     5|       yes|        -|        -|            -|            -|    -|
    |   + grp_makePatch_alignedToLine_fu_541                                                                                                                 |  Timing|   0.00|        -|          -|         -|        -|     -|        no|  3 (~0%)|        -|   6355 (~0%)|   9308 (~0%)|    -|
    |    + grp_wedgePatch_init_fu_404                                                                                                                        |  Timing|   0.00|        -|          -|         -|        -|     -|        no|        -|        -|   3307 (~0%)|   3861 (~0%)|    -|
    |     + grp_getParallelograms_fu_239                                                                                                                     |  Timing|   0.00|       55|    165.000|         -|       55|     -|        no|        -|        -|   2781 (~0%)|   2455 (~0%)|    -|
    |      + grp_straightLineProjectorFromLayerIJtoK_fu_202                                                                                                  |      II|  -0.09|        6|     18.000|         -|        1|     -|       yes|        -|        -|    602 (~0%)|    457 (~0%)|    -|
    |      + grp_straightLineProjectorFromLayerIJtoK_fu_215                                                                                                  |      II|  -0.09|        6|     18.000|         -|        1|     -|       yes|        -|        -|    602 (~0%)|    457 (~0%)|    -|
    |      + grp_straightLineProjectorFromLayerIJtoK_fu_228                                                                                                  |      II|  -0.09|        6|     18.000|         -|        1|     -|       yes|        -|        -|    602 (~0%)|    457 (~0%)|    -|
    |      + grp_straightLineProjectorFromLayerIJtoK_fu_241                                                                                                  |      II|  -0.09|        6|     18.000|         -|        1|     -|       yes|        -|        -|    602 (~0%)|    457 (~0%)|    -|
    |      o getParallelograms_settingWPparameters                                                                                                           |       -|  -2.19|       52|    156.000|        13|        -|     4|        no|        -|        -|            -|            -|    -|
    |     + grp_get_acceptanceCorners_fu_249                                                                                                                 |       -|  -0.13|        -|          -|         -|        -|     -|        no|        -|        -|    354 (~0%)|    858 (~0%)|    -|
    |      o get_acceptanceCorners_minMaxFinding                                                                                                             |      II|  -2.19|        -|          -|         3|        2|     -|       yes|        -|        -|            -|            -|    -|
    |     o wedgePatch_init_perSuperpoint_wedgePatch_init_perPoint_wedgePatch_init_perParameter                                                              |       -|  -2.19|      163|    489.000|         5|        1|   160|       yes|        -|        -|            -|            -|    -|
    |    + grp_makeSuperPoint_alignedToLine11_fu_414                                                                                                         |       -|  -0.06|        -|          -|         -|        -|     -|        no|  1 (~0%)|        -|   2054 (~0%)|   2740 (~0%)|    -|
    |     + grp_mSP_findLRBounds_fu_282                                                                                                                      |       -|  -0.19|        -|          -|         -|        -|     -|        no|        -|        -|    549 (~0%)|    735 (~0%)|    -|
    |      o mSP_findLRBounds_LRdiscovery                                                                                                                    |       -|  -2.19|        -|          -|         4|        1|     -|       yes|        -|        -|            -|            -|    -|
    |     + grp_mSP_findStartIndex_fu_292                                                                                                                    |       -|  -0.06|        -|          -|         -|        -|     -|        no|        -|        -|    402 (~0%)|    587 (~0%)|    -|
    |      o mSP_findStartIndex_startValue                                                                                                                   |      II|  -2.19|        -|          -|         4|        2|     -|       yes|        -|        -|            -|            -|    -|
    |     o makeSuperPoint_alignedToLine_rowListSet_loop                                                                                                     |       -|  -2.19|        -|          -|         4|        1|     -|       yes|        -|        -|            -|            -|    -|
    |     o makeSuperPoint_alignedToLine_initSP_perPoint_makeSuperPoint_alignedToLine_initSP_perParameter                                                    |       -|  -2.19|       35|    105.000|         5|        1|    32|       yes|        -|        -|            -|            -|    -|
    |    + grp_add_patch9_fu_433                                                                                                                             |       -|  -0.09|        -|          -|         -|        -|     -|        no|        -|        -|    779 (~0%)|   1574 (~0%)|    -|
    |     + grp_encodeCoordinates_fu_494                                                                                                                     |      II|  -2.19|        0|      0.000|         -|        1|     -|       yes|        -|        -|            -|            -|    -|
    |     o add_patch_perSuperpointSP0_add_patch_perPointSP0                                                                                                 |       -|  -2.19|       82|    246.000|         4|        1|    80|       yes|        -|        -|            -|            -|    -|
    |     o add_patch_perPropertyTypePP0_add_patch_perParallelogramPP0_add_patch_perPropertyLengthPP0                                                        |       -|  -2.19|      122|    366.000|         4|        1|   120|       yes|        -|        -|            -|            -|    -|
    |     o add_patch_checkDiff                                                                                                                              |      II|  -2.19|        -|          -|         6|        6|     -|       yes|        -|        -|            -|            -|    -|
    |     o add_patch_perSuperpointSP1_add_patch_perPointSP1                                                                                                 |       -|  -2.19|       82|    246.000|         4|        1|    80|       yes|        -|        -|            -|            -|    -|
    |     o add_patch_perPropertyTypePP1_add_patch_perParallelogramPP1_add_patch_perPropertyLengthPP1                                                        |       -|  -2.19|      122|    366.000|         4|        1|   120|       yes|        -|        -|            -|            -|    -|
    |    o makePatch_alignedToLine_initPatch_perLayer_makePatch_alignedToLine_initPatch_perPoint_makePatch_alignedToLine_initPatch_perParameter              |       -|  -2.19|      161|    483.000|         3|        1|   160|       yes|        -|        -|            -|            -|    -|
    |    o makePatch_alignedToLine_makeSuperpoint_loop                                                                                                       |       -|  -2.19|        -|          -|         -|        -|     -|        no|        -|        -|            -|            -|    -|
    |    o makePatch_alignedToLine_initSP_perSuperpoint_makePatch_alignedToLine_initSP_perPoint_makePatch_alignedToLine_initSP_perParameter                  |       -|  -2.19|      161|    483.000|         3|        1|   160|       yes|        -|        -|            -|            -|    -|
    |    o makePatch_alignedToLine_initPP_perPropertyType_makePatch_alignedToLine_initPP_perParallelogram_makePatch_alignedToLine_initPP_perPropertyLength   |       -|  -2.19|      120|    360.000|         2|        1|   120|       yes|        -|        -|            -|            -|    -|
    |   + grp_straightLineProjectorFromLayerIJtoK_fu_568                                                                                                     |      II|  -0.09|        6|     18.000|         -|        1|     -|       yes|        -|        -|    602 (~0%)|    457 (~0%)|    -|
    |   + grp_getSolveNextPatchPairWhileCondition_fu_582                                                                                                     |       -|  -0.39|        3|      9.000|         -|        3|     -|        no|        -|        -|    110 (~0%)|    344 (~0%)|    -|
    |   + grp_areWedgeSuperPointsEqual_fu_600                                                                                                                |      II|  -0.54|        4|     12.000|         -|        2|     -|       yes|        -|        -|    166 (~0%)|    193 (~0%)|    -|
    |   o solveNextPatchPair_superPointEqualCheck                                                                                                            |       -|  -2.19|       41|    123.000|         7|        -|     5|        no|        -|        -|            -|            -|    -|
    |   o solvePatchPair_loop                                                                                                                                |       -|  -2.19|        -|          -|         -|        -|     -|        no|        -|        -|            -|            -|    -|
    |  + grp_straightLineProjectorFromLayerIJtoK_fu_218                                                                                                      |      II|  -0.09|        6|     18.000|         -|        1|     -|       yes|        -|        -|    602 (~0%)|    457 (~0%)|    -|
    |  + tmp_getSolveNextColumnWhileConditional_fu_234                                                                                                       |       -|  -1.21|        0|      0.000|         -|        0|     -|        no|        -|        -|            -|     64 (~0%)|    -|
    |  o solveNextColumn_loop                                                                                                                                |       -|  -2.19|        -|          -|         -|        -|     -|        no|        -|        -|            -|            -|    -|
    | + grp_initializeArrays_fu_354                                                                                                                          |       -|  -0.20|     6407|  1.922e+04|         -|     6407|     -|        no|        -|        -|    217 (~0%)|    766 (~0%)|    -|
    |  o initArraysSPloop1_initArraysSPloop2_initArraysSPloop3                                                                                               |       -|  -2.19|     2561|  7.683e+03|         3|        1|  2560|       yes|        -|        -|            -|            -|    -|
    |  o initArraysPPloop1_initArraysPPloop3_initArraysPPloop4                                                                                               |       -|  -2.19|     3842|  1.153e+04|         4|        1|  3840|       yes|        -|        -|            -|            -|    -|
    | o initGDarrayDecoded_perLayer                                                                                                                          |       -|  -2.19|        -|          -|         -|        -|     -|        no|        -|        -|            -|            -|    -|
    |  o initGDarrayDecoded_perPoint                                                                                                                         |       -|  -2.19|        -|          -|         4|        1|     -|       yes|        -|        -|            -|            -|    -|
    | o shadowQuilt_loop                                                                                                                                     |       -|  -2.19|        -|          -|         -|        -|     -|        no|        -|        -|            -|            -|    -|
    | o finalSPOutputInit_perPatch_finalSPOutputInit_perSuperpoint_finalSPOutputInit_perPoint                                                                |       -|  -2.19|     2563|  7.689e+03|         5|        1|  2560|       yes|        -|        -|            -|            -|    -|
    +--------------------------------------------------------------------------------------------------------------------------------------------------------+--------+-------+---------+-----------+----------+---------+------+----------+---------+---------+-------------+-------------+-----+

